{
  "episode": "results/direct-astra-c-18/x0.40_y-0.20",
  "at": "2026-09-23T16:13:59+00:00",
  "critic_model": "gpt-6-astra",
  "response_id": "chatcmpl-resp_09381d234c6a2003016ab3fa5d032487d2ab87f00352ae85b1",
  "usage": {
    "input_tokens": 6712,
    "output_tokens": 3509
  },
  "accepted": false,
  "diagnosis": "The episode failed during the approach, before any grasp was established. The gripper was never commanded closed, the mug was not retained, and the final motion tipped it onto its side and triggered a hand–table collision. The policy repeatedly lowered the palm to seek grasp height without confirming that the measured finger aperture was moving into an opposing-contact configuration. Palm tracking deteriorated, hand orientation changed, and target visibility worsened, yet the next action remained another descent. Simulator truth shows unintended mug contact from the first executed motion. Depth was useful for initial target-surface and table estimates, but those estimates were not converted into a verified full-hand approach. Later depth correspondence was especially questionable: the head view no longer showed an identifiable mug, while the policy described wrist-camera features as though the depth queries had localized them. The reported elevation was contact-induced motion, not a successful upright lift.",
  "failure_mode": "Repeated unverified descent with growing pose-tracking error and uncertain depth correspondence caused unintended contact, tipping, and a support collision before grasp closure.",
  "lessons_review": [
    {
      "lesson": "Maintain a visually verified task-compatible attitude reference rather than replacing it with each measured orientation.",
      "verdict": "neutral",
      "why": "No stable grasp or maintained-attitude phase was reached. The principle remains useful, but it did not address the immediate approach failure: requested palm attitudes were not reliably achieved, and measured deviations did not trigger a revised approach."
    },
    {
      "lesson": "Verify retention, displacement, and attitude separately, using a test motion and monitoring any required hold.",
      "verdict": "neutral",
      "why": "There was no closure, retention test, or hold. Unintended contact during the approach was not recognized as a reason to reassess the target response. Keep the verification principle, but connect it explicitly to contact changes and recovery."
    },
    {
      "lesson": "Use depth to resolve the next action's uncertainty, verify feature correspondence, and reuse established geometry.",
      "verdict": "helped",
      "why": "Early probes supplied useful support-height and target-surface estimates. However, the policy did not reconcile them sufficiently with measured hand geometry, repeated similar probes after the rejected first command, and later accepted target-surface interpretations without a corresponding visible feature in the head image. Retain the principle with a more explicit camera-correspondence requirement."
    },
    {
      "lesson": "Plan for the full hand and swept paths, align opposing contacts, and relieve unintended contact before revising the entry.",
      "verdict": "neutral",
      "why": "This was the relevant preventive rule, but it was not operationalized. Steps 2–5 continued lowering despite unintended object contact, declining visibility, and poor achieved alignment. There is no evidence that the rule caused harmful retreat or stalling; it needs stronger measured-progress checks rather than removal."
    }
  ],
  "lessons": [
    {
      "lesson": "Plan close manipulation using the measured geometry of the entire hand, any held object, and their swept paths, not just palm position or support height. Before closure, use images and proprioception to place the object inside the actual grasp aperture with opposing contact surfaces aligned. If an unsecured object shifts or tilts during entry, use a short contact-relief motion that visibly opens a gap while preserving support, then reobserve and change the entry alignment. If the object follows, revise the separating direction. Once the object is visibly bracketed for closure, hold the palm pose and close rather than pushing farther.",
      "evidence_steps": [
        2,
        3,
        4,
        5
      ],
      "why": "The stated aim was repeatedly to lower the aperture while clearing the table, but measured hand geometry did not confirm successful aperture placement. Simulator truth records object contact throughout the executed approach and substantial tipping before the final hand–table collision. No closure was attempted."
    },
    {
      "lesson": "After each motion, compare the measured palm pose and visible contact geometry with the requested result. If tracking worsens, motion stalls, or the grasp aperture moves differently than intended, inspect the available views instead of repeating the same approach. Relieve obstructing contact while preserving support; if contact is not evident, change to a clearance-checked approach pose and test a smaller motion. Construct incremental commands from the measured pose, while retaining a separate visually verified task-attitude reference rather than replacing it with tracking drift.",
      "evidence_steps": [
        1,
        2,
        3,
        4,
        5
      ],
      "why": "The first command exceeded the rotation limit. Across the following motions, positional tracking error increased from about 0.9 cm to 4.1 cm, and substantial orientation error persisted. Nevertheless, step 5 requested another similar descent and ended in collision. Requested palm descent was being treated as progress even when measured aperture placement and orientation did not support that interpretation."
    },
    {
      "lesson": "Use depth only for identifiable features in the current image from the camera supplying that depth, with its pixel convention; do not transfer pixels directly from another camera. Reconcile each return with visible target or support features and the measured hand before using it to choose contact placement or a motion path. If the relevant feature is visible only in another view, use that view to guide a clearance-checked adjustment that restores reliable depth correspondence, or choose an action supported by the available visual geometry. Probe the uncertainty that changes the next action and reuse geometry that remains valid.",
      "evidence_steps": [
        1,
        2,
        3,
        4,
        5
      ],
      "why": "Initial probes established useful approximate surface geometry, but similar measurements were repeated without intervening motion after the rejected command. By step 5 the supplied head image showed no identifiable mug, while the policy described a partial wrist-camera view and interpreted returned points as mug surfaces. This leaves camera/feature correspondence unverified; additional depth values did not establish a safe approach."
    },
    {
      "lesson": "After grasping or changing contact, verify retention, target motion relative to support, and target attitude separately using visible features and a short task-compatible test motion. If features are ambiguous, inspect an informative camera or make a clearance-checked viewing adjustment before continuing. If seating changes, guide the object to stable support and reseat; if seating is stable but attitude is wrong, correct toward the preserved task-compatible attitude with observed motions. Begin or resume a required hold only after its conditions are visibly established, and monitor them throughout.",
      "evidence_steps": [
        2,
        3,
        4,
        5
      ],
      "why": "The target moved and tilted under unintended contact without ever being secured. The evaluator reported some elevation but no upright grasp or retention, illustrating why surface elevation alone cannot establish task progress. This consolidates the existing attitude and verification lessons so they remain applicable after a successful approach or during recovery."
    }
  ],
  "rejected_lessons": []
}
