{
  "episode": "results/direct-astra-p-35/x0.40_y-0.20",
  "at": "2026-09-23T19:05:19+00:00",
  "critic_model": "gpt-6-astra",
  "response_id": "chatcmpl-resp_0842cfd73504522a016ab42237bfc887d29c0c7466068fb7c4",
  "usage": {
    "input_tokens": 7959,
    "output_tokens": 6080
  },
  "accepted": false,
  "diagnosis": "The episode failed before acquiring a grasp. Depth sensing usefully established the target and support geometry, and measured hand geometry informed caution about low-finger clearance. However, the policy emphasized clearance above the table rather than clearance between the target and the full moving hand. Simulator truth shows unilateral middle-finger contact during every action. The leveling action at step 3 produced an achieved orientation error of about 0.375 rad and target tilt up to 6.6 degrees; further advance and reorientation at step 4 increased tilt to 27.3 degrees. The policy did not establish a verified-clear recovery path or opposing-contact alignment. All four commands kept the gripper open. The evaluator recorded only 1.87 cm of lift, no upright grasp, and no sustained hold. Sensor use was therefore partially useful but poorly connected to action selection: 50 depth samples and eight pose previews did not resolve the decisive uncertainties about target-side clearance, rotation tracking, and grasp alignment. Reobservation after target movement was warranted, but repeated broad localization was not a substitute for those checks.",
  "failure_mode": "Unilateral open-hand contact during approach and poorly tracked reorientation displaced and tilted the target before grasp acquisition. No closure, verified lift, or hold followed.",
  "lessons_review": [
    {
      "lesson": "Plan contact using the complete hand configuration and its swept path, not just the palm position or clearance above a support surface.",
      "verdict": "helped",
      "why": "Partially helped: steps 1–3 used measured fingertip geometry and previews to avoid low-hand approaches, and no hand-table contact was recorded. However, the policy applied the lesson mainly to vertical support clearance, not to the hand's lateral and rotational sweep against the target. Contact occurred in every action. Retain the principle but make target-side clearance and opposing-contact alignment explicit."
    },
    {
      "lesson": "Maintain explicit task-compatible pose goals and compare achieved palm motion, attitude, and joint configuration with the intended change after each action.",
      "verdict": "neutral",
      "why": "The policy inspected measured configurations, but successive approach commands adopted the newly measured attitude rather than clearly maintaining an independent grasp-attitude goal. At step 3, rotation tracking degraded substantially; step 4 nevertheless resumed approach and reorientation near the target. This is incomplete application of the rule, not evidence that clearance-aware reconfiguration was harmful."
    },
    {
      "lesson": "Choose depth samples to resolve the geometric uncertainty that changes the next action.",
      "verdict": "helped",
      "why": "Initial samples localized the target surfaces and table without privileged object coordinates. Later sampling repeatedly revisited rim, body, and support geometry without demonstrating a resolved closing corridor or handling the orientation mismatch. The instruction to reuse consistent geometry remains valuable; strengthen the requirement to connect each query to a specific motion decision."
    },
    {
      "lesson": "Once the target is aligned within opposing contact regions and the closing sweep is clear, close and perform a cautious, task-compatible retention test.",
      "verdict": "neutral",
      "why": "No closure or retention test occurred, and the available evidence does not establish that the observed poses were safe to close from. Keep the conditional transition to closure and verification. The remedy is to achieve real opposing-contact alignment and then test retention, not simply to close earlier."
    }
  ],
  "lessons": [
    {
      "lesson": "Check the full measured hand shape and its approach and closing sweeps against the observed target and surroundings, not just the palm position or clearance above a support. Use an informative view to place the intended grasp region between opposing contact regions without a projecting digit entering the target first. If the path is obstructed, use an observed clear offset, establish the grasp attitude there, and then approach. If an unsecured target shifts during an open-hand motion, unload the apparent contact along a clear path, reobserve its pose and support, and revise the approach before continuing.",
      "evidence_steps": [
        1,
        2,
        3,
        4
      ],
      "why": "All actions maintained table clearance but produced unilateral target contact. The policy's reasoning repeatedly emphasized the lowest finger and support height, while target tilt increased during reorientation and further approach. Explicitly checking the target-side sweep would address the actual collision mechanism."
    },
    {
      "lesson": "Keep the intended task-compatible attitude separate from the measured attitude; do not adopt tracking drift as the next desired attitude. After each action, compare achieved translation, rotation, and joint configuration with the intended change before advancing. If rotation behaves unexpectedly, inspect the available views for clearance of the hand, arm, and any held object. Preserve attitude while leaving constrained geometry along a verified-clear path, then correct it in clearance and recheck alignment before returning. Re-support an unreliably retained object before reconfiguring.",
      "evidence_steps": [
        1,
        2,
        3,
        4
      ],
      "why": "Steps 1 and 2 carried forward measured attitudes as the fingers progressively lowered relative to the palm. Step 3's attempted leveling had a large orientation-tracking error and disturbed the target. Step 4 continued near-target motion rather than establishing a clear configuration for correction."
    },
    {
      "lesson": "When current images and measured hand configuration establish opposing-contact alignment and a clear closing sweep, close and perform a cautious, task-compatible retention test rather than continuing open-hand adjustments. Track corresponding target features to verify stability relative to the hand, and independently verify required displacement and attitude relative to the surroundings. If verified, proceed with the task and count any required holding time only while those conditions remain satisfied. If verification is ambiguous, obtain a more informative view; if retention is unreliable, re-support the object and revise the grasp. Correct retained-object attitude only in verified clearance.",
      "evidence_steps": [
        1,
        2,
        3,
        4
      ],
      "why": "The recorded episode consisted entirely of open-hand adjustments. Target movement never became a verified grasp or sustained lift. This preserves the necessary safety condition while providing a concrete progression from alignment to closure, retention testing, and task completion."
    },
    {
      "lesson": "Choose each depth query to resolve an uncertainty that changes the next action, such as a contact-bearing surface or a limiting obstacle along the hand sweep. Associate samples with recognizable surfaces and distinguish intended contact surfaces from hand, support, interior, or background returns. Infer attitude from corresponding features or coherent surfaces. Reuse established geometry while observations remain consistent. When occlusion, arm clearance, or pose tracking is the bottleneck, inspect a more informative available view and measured configuration, then select a revised motion instead of repeating broad target sampling.",
      "evidence_steps": [
        1,
        2,
        3,
        4
      ],
      "why": "The policy obtained 50 depth samples across four actions, yet its decisions remained focused on rim/support height rather than the relevant contact corridor. Some remeasurement was justified by target disturbance, but resolving view ambiguity and actual hand motion would have been more useful than repeatedly surveying the same broad geometry."
    }
  ],
  "rejected_lessons": []
}
