[2026-09-16 21:02:40.479] [CoACD] [info] threshold               0.05
[2026-09-16 21:02:40.479] [CoACD] [info] max # convex hull       32
[2026-09-16 21:02:40.479] [CoACD] [info] preprocess mode         auto
[2026-09-16 21:02:40.479] [CoACD] [info] preprocess resolution   50
[2026-09-16 21:02:40.479] [CoACD] [info] pca                     false
[2026-09-16 21:02:40.479] [CoACD] [info] mcts max depth          3
[2026-09-16 21:02:40.479] [CoACD] [info] mcts nodes              20
[2026-09-16 21:02:40.479] [CoACD] [info] mcts iterations         150
[2026-09-16 21:02:40.479] [CoACD] [info] merge                   true
[2026-09-16 21:02:40.479] [CoACD] [info] decimate                false
[2026-09-16 21:02:40.479] [CoACD] [info] max_ch_vertex           256
[2026-09-16 21:02:40.479] [CoACD] [info] extrude                 false
[2026-09-16 21:02:40.479] [CoACD] [info] extrude margin          0.01
[2026-09-16 21:02:40.479] [CoACD] [info] approximate mode        ch
[2026-09-16 21:02:40.479] [CoACD] [info] seed                    0
[2026-09-16 21:02:40.480] [CoACD] [info]  - Manifold Check
[2026-09-16 21:02:40.488] [CoACD] [info] 	Unclosed mesh
[2026-09-16 21:02:40.488] [CoACD] [info] Manifold Check Time: 0.008638s
[2026-09-16 21:02:40.490] [CoACD] [info] Mesh Manifoldness: false
[2026-09-16 21:02:40.490] [CoACD] [info]  - Preprocess
[2026-09-16 21:02:40.490] [CoACD] [info] Preprocess resolution: 50
[2026-09-16 21:02:40.527] [CoACD] [info] Preprocess Time: 0.597122s
[2026-09-16 21:02:40.528] [CoACD] [info] # Points: 37430
[2026-09-16 21:02:40.528] [CoACD] [info] # Triangles: 74860
[2026-09-16 21:02:40.528] [CoACD] [info]  - Decomposition (MCTS)
[2026-09-16 21:02:40.528] [CoACD] [info] iter 0 ---- waiting pool: 1
[2026-09-16 21:02:40.531] [CoACD] [info] Processing [0.0%]
[2026-09-16 21:02:46.377] [CoACD] [info] Processing [100.0%]
[2026-09-16 21:02:46.377] [CoACD] [info] iter 1 ---- waiting pool: 2
[2026-09-16 21:02:46.380] [CoACD] [info] Processing [0.0%]
[2026-09-16 21:02:46.380] [CoACD] [info] Processing [50.0%]
[2026-09-16 21:02:51.850] [CoACD] [info] Processing [100.0%]
[2026-09-16 21:02:51.850] [CoACD] [info] iter 2 ---- waiting pool: 4
[2026-09-16 21:02:51.850] [CoACD] [info] Processing [0.0%]
[2026-09-16 21:02:51.850] [CoACD] [info] Processing [25.0%]
[2026-09-16 21:02:51.850] [CoACD] [info] Processing [75.0%]
[2026-09-16 21:02:51.850] [CoACD] [info] Processing [50.0%]
[2026-09-16 21:02:57.151] [CoACD] [info] Processing [100.0%]
[2026-09-16 21:02:57.151] [CoACD] [info] iter 3 ---- waiting pool: 6
[2026-09-16 21:02:57.151] [CoACD] [info] Processing [0.0%]
[2026-09-16 21:02:57.151] [CoACD] [info] Processing [16.7%]
[2026-09-16 21:02:57.151] [CoACD] [info] Processing [50.0%]
[2026-09-16 21:02:57.151] [CoACD] [info] Processing [66.7%]
[2026-09-16 21:02:57.151] [CoACD] [info] Processing [83.3%]
[2026-09-16 21:02:57.151] [CoACD] [info] Processing [33.3%]
[2026-09-16 21:03:01.167] [CoACD] [info] Processing [100.0%]
[2026-09-16 21:03:01.167] [CoACD] [info] iter 4 ---- waiting pool: 10
[2026-09-16 21:03:01.169] [CoACD] [info] Processing [0.0%]
[2026-09-16 21:03:01.169] [CoACD] [info] Processing [40.0%]
[2026-09-16 21:03:01.169] [CoACD] [info] Processing [20.0%]
[2026-09-16 21:03:01.169] [CoACD] [info] Processing [80.0%]
[2026-09-16 21:03:01.169] [CoACD] [info] Processing [60.0%]
[2026-09-16 21:03:02.700] [CoACD] [info] Processing [100.0%]
[2026-09-16 21:03:02.700] [CoACD] [info] iter 5 ---- waiting pool: 8
[2026-09-16 21:03:02.700] [CoACD] [info] Processing [0.0%]
[2026-09-16 21:03:02.700] [CoACD] [info] Processing [12.5%]
[2026-09-16 21:03:02.700] [CoACD] [info] Processing [62.5%]
[2026-09-16 21:03:02.700] [CoACD] [info] Processing [87.5%]
[2026-09-16 21:03:02.700] [CoACD] [info] Processing [50.0%]
[2026-09-16 21:03:02.700] [CoACD] [info] Processing [75.0%]
[2026-09-16 21:03:02.700] [CoACD] [info] Processing [25.0%]
[2026-09-16 21:03:02.700] [CoACD] [info] Processing [37.5%]
[2026-09-16 21:03:03.635] [CoACD] [info] Processing [100.0%]
[2026-09-16 21:03:03.635] [CoACD] [info] iter 6 ---- waiting pool: 6
[2026-09-16 21:03:03.635] [CoACD] [info] Processing [0.0%]
[2026-09-16 21:03:03.635] [CoACD] [info] Processing [50.0%]
[2026-09-16 21:03:03.635] [CoACD] [info] Processing [66.7%]
[2026-09-16 21:03:03.635] [CoACD] [info] Processing [33.3%]
[2026-09-16 21:03:03.635] [CoACD] [info] Processing [83.3%]
[2026-09-16 21:03:03.635] [CoACD] [info] Processing [16.7%]
[2026-09-16 21:03:03.650] [CoACD] [info] Processing [100.0%]
[2026-09-16 21:03:03.650] [CoACD] [info]  - Merge Convex Hulls
[2026-09-16 21:03:03.938] [CoACD] [info] Compute Time: 23.410767280998698s
[2026-09-16 21:03:03.939] [CoACD] [info] # Convex Hulls: 17
chaleira escala [0.2056 0.2056 0.2351] extensao m [0.2052 0.1633 0.232 ] pecas de colisao 17
[2026-09-16 21:03:04.239] [CoACD] [info] threshold               0.05
[2026-09-16 21:03:04.239] [CoACD] [info] max # convex hull       32
[2026-09-16 21:03:04.239] [CoACD] [info] preprocess mode         auto
[2026-09-16 21:03:04.239] [CoACD] [info] preprocess resolution   50
[2026-09-16 21:03:04.239] [CoACD] [info] pca                     false
[2026-09-16 21:03:04.239] [CoACD] [info] mcts max depth          3
[2026-09-16 21:03:04.239] [CoACD] [info] mcts nodes              20
[2026-09-16 21:03:04.239] [CoACD] [info] mcts iterations         150
[2026-09-16 21:03:04.239] [CoACD] [info] merge                   true
[2026-09-16 21:03:04.239] [CoACD] [info] decimate                false
[2026-09-16 21:03:04.239] [CoACD] [info] max_ch_vertex           256
[2026-09-16 21:03:04.239] [CoACD] [info] extrude                 false
[2026-09-16 21:03:04.239] [CoACD] [info] extrude margin          0.01
[2026-09-16 21:03:04.239] [CoACD] [info] approximate mode        ch
[2026-09-16 21:03:04.239] [CoACD] [info] seed                    0
[2026-09-16 21:03:04.240] [CoACD] [info]  - Manifold Check
[2026-09-16 21:03:04.246] [CoACD] [info] 	Unclosed mesh
[2026-09-16 21:03:04.246] [CoACD] [info] Manifold Check Time: 0.006455s
[2026-09-16 21:03:04.247] [CoACD] [info] Mesh Manifoldness: false
[2026-09-16 21:03:04.247] [CoACD] [info]  - Preprocess
[2026-09-16 21:03:04.247] [CoACD] [info] Preprocess resolution: 50
[2026-09-16 21:03:04.267] [CoACD] [info] Preprocess Time: 0.300124s
[2026-09-16 21:03:04.267] [CoACD] [info] # Points: 15936
[2026-09-16 21:03:04.267] [CoACD] [info] # Triangles: 31872
[2026-09-16 21:03:04.267] [CoACD] [info]  - Decomposition (MCTS)
[2026-09-16 21:03:04.267] [CoACD] [info] iter 0 ---- waiting pool: 1
[2026-09-16 21:03:04.267] [CoACD] [info] Processing [0.0%]
[2026-09-16 21:03:06.959] [CoACD] [info] Processing [100.0%]
[2026-09-16 21:03:06.959] [CoACD] [info] iter 1 ---- waiting pool: 2
[2026-09-16 21:03:06.959] [CoACD] [info] Processing [0.0%]
[2026-09-16 21:03:06.959] [CoACD] [info] Processing [50.0%]
[2026-09-16 21:03:09.625] [CoACD] [info] Processing [100.0%]
[2026-09-16 21:03:09.625] [CoACD] [info] iter 2 ---- waiting pool: 4
[2026-09-16 21:03:09.625] [CoACD] [info] Processing [0.0%]
[2026-09-16 21:03:09.625] [CoACD] [info] Processing [75.0%]
[2026-09-16 21:03:09.625] [CoACD] [info] Processing [50.0%]
[2026-09-16 21:03:09.625] [CoACD] [info] Processing [25.0%]
[2026-09-16 21:03:11.312] [CoACD] [info] Processing [100.0%]
[2026-09-16 21:03:11.312] [CoACD] [info] iter 3 ---- waiting pool: 4
[2026-09-16 21:03:11.312] [CoACD] [info] Processing [0.0%]
[2026-09-16 21:03:11.312] [CoACD] [info] Processing [50.0%]
[2026-09-16 21:03:11.312] [CoACD] [info] Processing [25.0%]
[2026-09-16 21:03:11.312] [CoACD] [info] Processing [75.0%]
[2026-09-16 21:03:12.860] [CoACD] [info] Processing [100.0%]
[2026-09-16 21:03:12.860] [CoACD] [info] iter 4 ---- waiting pool: 8
[2026-09-16 21:03:12.860] [CoACD] [info] Processing [0.0%]
[2026-09-16 21:03:12.860] [CoACD] [info] Processing [25.0%]
[2026-09-16 21:03:12.860] [CoACD] [info] Processing [62.5%]
[2026-09-16 21:03:12.860] [CoACD] [info] Processing [87.5%]
[2026-09-16 21:03:12.860] [CoACD] [info] Processing [12.5%]
[2026-09-16 21:03:12.860] [CoACD] [info] Processing [37.5%]
[2026-09-16 21:03:12.860] [CoACD] [info] Processing [75.0%]
[2026-09-16 21:03:12.860] [CoACD] [info] Processing [50.0%]
[2026-09-16 21:03:13.855] [CoACD] [info] Processing [100.0%]
[2026-09-16 21:03:13.855] [CoACD] [info] iter 5 ---- waiting pool: 12
[2026-09-16 21:03:13.855] [CoACD] [info] Processing [0.0%]
[2026-09-16 21:03:13.855] [CoACD] [info] Processing [66.7%]
[2026-09-16 21:03:13.855] [CoACD] [info] Processing [50.0%]
[2026-09-16 21:03:13.855] [CoACD] [info] Processing [83.3%]
[2026-09-16 21:03:13.855] [CoACD] [info] Processing [16.7%]
[2026-09-16 21:03:13.855] [CoACD] [info] Processing [33.3%]
[2026-09-16 21:03:14.574] [CoACD] [info] Processing [100.0%]
[2026-09-16 21:03:14.574] [CoACD] [info] iter 6 ---- waiting pool: 24
[2026-09-16 21:03:14.574] [CoACD] [info] Processing [0.0%]
[2026-09-16 21:03:14.574] [CoACD] [info] Processing [50.0%]
[2026-09-16 21:03:14.574] [CoACD] [info] Processing [37.5%]
[2026-09-16 21:03:14.574] [CoACD] [info] Processing [25.0%]
[2026-09-16 21:03:14.574] [CoACD] [info] Processing [62.5%]
[2026-09-16 21:03:14.574] [CoACD] [info] Processing [75.0%]
[2026-09-16 21:03:14.574] [CoACD] [info] Processing [87.5%]
[2026-09-16 21:03:14.582] [CoACD] [info] Processing [12.5%]
[2026-09-16 21:03:15.377] [CoACD] [info] Processing [100.0%]
[2026-09-16 21:03:15.377] [CoACD] [info] iter 7 ---- waiting pool: 20
[2026-09-16 21:03:15.377] [CoACD] [info] Processing [0.0%]
[2026-09-16 21:03:15.377] [CoACD] [info] Processing [30.0%]
[2026-09-16 21:03:15.377] [CoACD] [info] Processing [75.0%]
[2026-09-16 21:03:15.377] [CoACD] [info] Processing [15.0%]
[2026-09-16 21:03:15.377] [CoACD] [info] Processing [90.0%]
[2026-09-16 21:03:15.377] [CoACD] [info] Processing [60.0%]
[2026-09-16 21:03:15.377] [CoACD] [info] Processing [45.0%]
[2026-09-16 21:03:15.817] [CoACD] [info] Processing [100.0%]
[2026-09-16 21:03:15.817] [CoACD] [info] iter 8 ---- waiting pool: 6
[2026-09-16 21:03:15.817] [CoACD] [info] Processing [0.0%]
[2026-09-16 21:03:15.817] [CoACD] [info] Processing [33.3%]
[2026-09-16 21:03:15.817] [CoACD] [info] Processing [66.7%]
[2026-09-16 21:03:15.817] [CoACD] [info] Processing [50.0%]
[2026-09-16 21:03:15.817] [CoACD] [info] Processing [83.3%]
[2026-09-16 21:03:15.817] [CoACD] [info] Processing [16.7%]
[2026-09-16 21:03:15.822] [CoACD] [info] Processing [100.0%]
[2026-09-16 21:03:15.822] [CoACD] [info]  - Merge Convex Hulls
[2026-09-16 21:03:16.039] [CoACD] [info] Compute Time: 11.771636126002704s
[2026-09-16 21:03:16.039] [CoACD] [info] # Convex Hulls: 32
coador escala [0.1504 0.1504 0.2052] extensao m [0.0825 0.0803 0.205 ] pecas de colisao 32
[2026-09-16 21:03:16.333] [CoACD] [info] threshold               0.05
[2026-09-16 21:03:16.333] [CoACD] [info] max # convex hull       24
[2026-09-16 21:03:16.333] [CoACD] [info] preprocess mode         auto
[2026-09-16 21:03:16.333] [CoACD] [info] preprocess resolution   50
[2026-09-16 21:03:16.333] [CoACD] [info] pca                     false
[2026-09-16 21:03:16.333] [CoACD] [info] mcts max depth          3
[2026-09-16 21:03:16.333] [CoACD] [info] mcts nodes              20
[2026-09-16 21:03:16.333] [CoACD] [info] mcts iterations         150
[2026-09-16 21:03:16.333] [CoACD] [info] merge                   true
[2026-09-16 21:03:16.333] [CoACD] [info] decimate                false
[2026-09-16 21:03:16.333] [CoACD] [info] max_ch_vertex           256
[2026-09-16 21:03:16.333] [CoACD] [info] extrude                 false
[2026-09-16 21:03:16.333] [CoACD] [info] extrude margin          0.01
[2026-09-16 21:03:16.333] [CoACD] [info] approximate mode        ch
[2026-09-16 21:03:16.333] [CoACD] [info] seed                    0
[2026-09-16 21:03:16.333] [CoACD] [info]  - Manifold Check
[2026-09-16 21:03:16.342] [CoACD] [info] 	Unclosed mesh
[2026-09-16 21:03:16.342] [CoACD] [info] Manifold Check Time: 0.009101s
[2026-09-16 21:03:16.344] [CoACD] [info] Mesh Manifoldness: false
[2026-09-16 21:03:16.344] [CoACD] [info]  - Preprocess
[2026-09-16 21:03:16.344] [CoACD] [info] Preprocess resolution: 50
[2026-09-16 21:03:16.371] [CoACD] [info] Preprocess Time: 0.45193s
[2026-09-16 21:03:16.372] [CoACD] [info] # Points: 37428
[2026-09-16 21:03:16.372] [CoACD] [info] # Triangles: 74864
[2026-09-16 21:03:16.372] [CoACD] [info]  - Decomposition (MCTS)
[2026-09-16 21:03:16.372] [CoACD] [info] iter 0 ---- waiting pool: 1
[2026-09-16 21:03:16.372] [CoACD] [info] Processing [0.0%]
[2026-09-16 21:03:23.229] [CoACD] [info] Processing [100.0%]
[2026-09-16 21:03:23.229] [CoACD] [info] iter 1 ---- waiting pool: 2
[2026-09-16 21:03:23.229] [CoACD] [info] Processing [0.0%]
[2026-09-16 21:03:23.229] [CoACD] [info] Processing [50.0%]
[2026-09-16 21:03:27.474] [CoACD] [info] Processing [100.0%]
[2026-09-16 21:03:27.474] [CoACD] [info] iter 2 ---- waiting pool: 4
[2026-09-16 21:03:27.474] [CoACD] [info] Processing [0.0%]
[2026-09-16 21:03:27.474] [CoACD] [info] Processing [75.0%]
[2026-09-16 21:03:27.474] [CoACD] [info] Processing [50.0%]
[2026-09-16 21:03:27.474] [CoACD] [info] Processing [25.0%]
[2026-09-16 21:03:30.061] [CoACD] [info] Processing [100.0%]
[2026-09-16 21:03:30.062] [CoACD] [info] iter 3 ---- waiting pool: 8
[2026-09-16 21:03:30.062] [CoACD] [info] Processing [0.0%]
[2026-09-16 21:03:30.062] [CoACD] [info] Processing [50.0%]
[2026-09-16 21:03:30.062] [CoACD] [info] Processing [75.0%]
[2026-09-16 21:03:30.062] [CoACD] [info] Processing [37.5%]
[2026-09-16 21:03:30.062] [CoACD] [info] Processing [87.5%]
[2026-09-16 21:03:30.062] [CoACD] [info] Processing [25.0%]
[2026-09-16 21:03:30.062] [CoACD] [info] Processing [12.5%]
[2026-09-16 21:03:30.062] [CoACD] [info] Processing [62.5%]
[2026-09-16 21:03:31.772] [CoACD] [info] Processing [100.0%]
[2026-09-16 21:03:31.772] [CoACD] [info] iter 4 ---- waiting pool: 16
[2026-09-16 21:03:31.772] [CoACD] [info] Processing [0.0%]
[2026-09-16 21:03:31.772] [CoACD] [info] Processing [25.0%]
[2026-09-16 21:03:31.772] [CoACD] [info] Processing [12.5%]
[2026-09-16 21:03:31.772] [CoACD] [info] Processing [50.0%]
[2026-09-16 21:03:31.772] [CoACD] [info] Processing [87.5%]
[2026-09-16 21:03:31.772] [CoACD] [info] Processing [37.5%]
[2026-09-16 21:03:31.772] [CoACD] [info] Processing [75.0%]
[2026-09-16 21:03:31.772] [CoACD] [info] Processing [62.5%]
[2026-09-16 21:03:33.181] [CoACD] [info] Processing [100.0%]
[2026-09-16 21:03:33.181] [CoACD] [info] iter 5 ---- waiting pool: 24
[2026-09-16 21:03:33.184] [CoACD] [info] Processing [0.0%]
[2026-09-16 21:03:33.184] [CoACD] [info] Processing [62.5%]
[2026-09-16 21:03:33.184] [CoACD] [info] Processing [75.0%]
[2026-09-16 21:03:33.184] [CoACD] [info] Processing [25.0%]
[2026-09-16 21:03:33.184] [CoACD] [info] Processing [50.0%]
[2026-09-16 21:03:33.184] [CoACD] [info] Processing [87.5%]
[2026-09-16 21:03:33.184] [CoACD] [info] Processing [37.5%]
[2026-09-16 21:03:33.893] [CoACD] [info] Processing [12.5%]
[2026-09-16 21:03:34.871] [CoACD] [info] Processing [100.0%]
[2026-09-16 21:03:34.871] [CoACD] [info] iter 6 ---- waiting pool: 36
[2026-09-16 21:03:34.871] [CoACD] [info] Processing [0.0%]
[2026-09-16 21:03:34.871] [CoACD] [info] Processing [22.2%]
[2026-09-16 21:03:34.871] [CoACD] [info] Processing [55.6%]
[2026-09-16 21:03:34.871] [CoACD] [info] Processing [33.3%]
[2026-09-16 21:03:34.871] [CoACD] [info] Processing [77.8%]
[2026-09-16 21:03:34.871] [CoACD] [info] Processing [11.1%]
[2026-09-16 21:03:34.871] [CoACD] [info] Processing [44.4%]
[2026-09-16 21:03:34.871] [CoACD] [info] Processing [66.7%]
[2026-09-16 21:03:34.871] [CoACD] [info] Processing [88.9%]
[2026-09-16 21:03:35.898] [CoACD] [info] Processing [100.0%]
[2026-09-16 21:03:35.898] [CoACD] [info] iter 7 ---- waiting pool: 38
[2026-09-16 21:03:35.898] [CoACD] [info] Processing [0.0%]
[2026-09-16 21:03:35.898] [CoACD] [info] Processing [42.1%]
[2026-09-16 21:03:35.898] [CoACD] [info] Processing [10.5%]
[2026-09-16 21:03:35.898] [CoACD] [info] Processing [63.2%]
[2026-09-16 21:03:35.898] [CoACD] [info] Processing [84.2%]
[2026-09-16 21:03:35.898] [CoACD] [info] Processing [21.1%]
[2026-09-16 21:03:35.898] [CoACD] [info] Processing [31.6%]
[2026-09-16 21:03:35.898] [CoACD] [info] Processing [73.7%]
[2026-09-16 21:03:35.898] [CoACD] [info] Processing [52.6%]
[2026-09-16 21:03:35.898] [CoACD] [info] Processing [94.7%]
[2026-09-16 21:03:36.299] [CoACD] [info] Processing [100.0%]
[2026-09-16 21:03:36.300] [CoACD] [info] iter 8 ---- waiting pool: 8
[2026-09-16 21:03:36.300] [CoACD] [info] Processing [0.0%]
[2026-09-16 21:03:36.300] [CoACD] [info] Processing [25.0%]
[2026-09-16 21:03:36.300] [CoACD] [info] Processing [62.5%]
[2026-09-16 21:03:36.300] [CoACD] [info] Processing [12.5%]
[2026-09-16 21:03:36.300] [CoACD] [info] Processing [37.5%]
[2026-09-16 21:03:36.300] [CoACD] [info] Processing [87.5%]
[2026-09-16 21:03:36.300] [CoACD] [info] Processing [75.0%]
[2026-09-16 21:03:36.300] [CoACD] [info] Processing [50.0%]
[2026-09-16 21:03:36.580] [CoACD] [info] Processing [100.0%]
[2026-09-16 21:03:36.580] [CoACD] [info] iter 9 ---- waiting pool: 8
[2026-09-16 21:03:36.580] [CoACD] [info] Processing [0.0%]
[2026-09-16 21:03:36.580] [CoACD] [info] Processing [75.0%]
[2026-09-16 21:03:36.580] [CoACD] [info] Processing [25.0%]
[2026-09-16 21:03:36.580] [CoACD] [info] Processing [37.5%]
[2026-09-16 21:03:36.580] [CoACD] [info] Processing [50.0%]
[2026-09-16 21:03:36.580] [CoACD] [info] Processing [62.5%]
[2026-09-16 21:03:36.580] [CoACD] [info] Processing [12.5%]
[2026-09-16 21:03:36.580] [CoACD] [info] Processing [87.5%]
[2026-09-16 21:03:36.587] [CoACD] [info] Processing [100.0%]
[2026-09-16 21:03:36.587] [CoACD] [info]  - Merge Convex Hulls
[2026-09-16 21:03:40.497] [CoACD] [warning] Max concavity 0.10193057791447473 exceeds the threshold 0.05 due to 24 convex hull limitation
[2026-09-16 21:03:40.497] [CoACD] [info] Compute Time: 24.125015327001165s
[2026-09-16 21:03:40.497] [CoACD] [info] # Convex Hulls: 24
pote escala [0.1486 0.1486 0.1258] extensao m [0.1484 0.1198 0.06  ] pecas de colisao 24
[2026-09-16 21:03:40.817] [CoACD] [info] threshold               0.05
[2026-09-16 21:03:40.817] [CoACD] [info] max # convex hull       8
[2026-09-16 21:03:40.817] [CoACD] [info] preprocess mode         auto
[2026-09-16 21:03:40.817] [CoACD] [info] preprocess resolution   50
[2026-09-16 21:03:40.817] [CoACD] [info] pca                     false
[2026-09-16 21:03:40.817] [CoACD] [info] mcts max depth          3
[2026-09-16 21:03:40.817] [CoACD] [info] mcts nodes              20
[2026-09-16 21:03:40.817] [CoACD] [info] mcts iterations         150
[2026-09-16 21:03:40.817] [CoACD] [info] merge                   true
[2026-09-16 21:03:40.817] [CoACD] [info] decimate                false
[2026-09-16 21:03:40.817] [CoACD] [info] max_ch_vertex           256
[2026-09-16 21:03:40.817] [CoACD] [info] extrude                 false
[2026-09-16 21:03:40.817] [CoACD] [info] extrude margin          0.01
[2026-09-16 21:03:40.817] [CoACD] [info] approximate mode        ch
[2026-09-16 21:03:40.817] [CoACD] [info] seed                    0
[2026-09-16 21:03:40.817] [CoACD] [info]  - Manifold Check
[2026-09-16 21:03:40.831] [CoACD] [info] 	Unclosed mesh
[2026-09-16 21:03:40.831] [CoACD] [info] Manifold Check Time: 0.014263s
[2026-09-16 21:03:40.833] [CoACD] [info] Mesh Manifoldness: false
[2026-09-16 21:03:40.833] [CoACD] [info]  - Preprocess
[2026-09-16 21:03:40.833] [CoACD] [info] Preprocess resolution: 50
[2026-09-16 21:03:40.862] [CoACD] [info] Preprocess Time: 0.472403s
[2026-09-16 21:03:40.863] [CoACD] [info] # Points: 37068
[2026-09-16 21:03:40.863] [CoACD] [info] # Triangles: 74208
[2026-09-16 21:03:40.863] [CoACD] [info]  - Decomposition (MCTS)
[2026-09-16 21:03:40.863] [CoACD] [info] iter 0 ---- waiting pool: 1
[2026-09-16 21:03:40.863] [CoACD] [info] Processing [0.0%]
[2026-09-16 21:03:46.897] [CoACD] [info] Processing [100.0%]
[2026-09-16 21:03:46.897] [CoACD] [info] iter 1 ---- waiting pool: 2
[2026-09-16 21:03:46.897] [CoACD] [info] Processing [0.0%]
[2026-09-16 21:03:46.897] [CoACD] [info] Processing [50.0%]
[2026-09-16 21:03:50.074] [CoACD] [info] Processing [100.0%]
[2026-09-16 21:03:50.074] [CoACD] [info] iter 2 ---- waiting pool: 4
[2026-09-16 21:03:50.074] [CoACD] [info] Processing [0.0%]
[2026-09-16 21:03:50.074] [CoACD] [info] Processing [75.0%]
[2026-09-16 21:03:50.074] [CoACD] [info] Processing [25.0%]
[2026-09-16 21:03:50.074] [CoACD] [info] Processing [50.0%]
[2026-09-16 21:03:52.172] [CoACD] [info] Processing [100.0%]
[2026-09-16 21:03:52.173] [CoACD] [info] iter 3 ---- waiting pool: 8
[2026-09-16 21:03:52.173] [CoACD] [info] Processing [0.0%]
[2026-09-16 21:03:52.173] [CoACD] [info] Processing [87.5%]
[2026-09-16 21:03:52.173] [CoACD] [info] Processing [25.0%]
[2026-09-16 21:03:52.173] [CoACD] [info] Processing [62.5%]
[2026-09-16 21:03:52.173] [CoACD] [info] Processing [37.5%]
[2026-09-16 21:03:52.173] [CoACD] [info] Processing [12.5%]
[2026-09-16 21:03:52.173] [CoACD] [info] Processing [50.0%]
[2026-09-16 21:03:52.173] [CoACD] [info] Processing [75.0%]
[2026-09-16 21:03:53.901] [CoACD] [info] Processing [100.0%]
[2026-09-16 21:03:53.901] [CoACD] [info] iter 4 ---- waiting pool: 16
[2026-09-16 21:03:53.901] [CoACD] [info] Processing [0.0%]
[2026-09-16 21:03:53.901] [CoACD] [info] Processing [75.0%]
[2026-09-16 21:03:53.901] [CoACD] [info] Processing [12.5%]
[2026-09-16 21:03:53.901] [CoACD] [info] Processing [62.5%]
[2026-09-16 21:03:53.901] [CoACD] [info] Processing [25.0%]
[2026-09-16 21:03:53.901] [CoACD] [info] Processing [87.5%]
[2026-09-16 21:03:53.901] [CoACD] [info] Processing [50.0%]
[2026-09-16 21:03:53.901] [CoACD] [info] Processing [37.5%]
[2026-09-16 21:03:55.426] [CoACD] [info] Processing [100.0%]
[2026-09-16 21:03:55.426] [CoACD] [info] iter 5 ---- waiting pool: 28
[2026-09-16 21:03:55.426] [CoACD] [info] Processing [0.0%]
[2026-09-16 21:03:55.426] [CoACD] [info] Processing [85.7%]
[2026-09-16 21:03:55.426] [CoACD] [info] Processing [21.4%]
[2026-09-16 21:03:55.426] [CoACD] [info] Processing [42.9%]
[2026-09-16 21:03:55.426] [CoACD] [info] Processing [64.3%]
[2026-09-16 21:03:55.426] [CoACD] [info] Processing [96.4%]
[2026-09-16 21:03:55.426] [CoACD] [info] Processing [75.0%]
[2026-09-16 21:03:55.434] [CoACD] [info] Processing [32.1%]
[2026-09-16 21:03:55.881] [CoACD] [info] Processing [53.6%]
[2026-09-16 21:03:56.152] [CoACD] [info] Processing [10.7%]
[2026-09-16 21:03:57.144] [CoACD] [info] Processing [100.0%]
[2026-09-16 21:03:57.144] [CoACD] [info] iter 6 ---- waiting pool: 36
[2026-09-16 21:03:57.144] [CoACD] [info] Processing [0.0%]
[2026-09-16 21:03:57.144] [CoACD] [info] Processing [66.7%]
[2026-09-16 21:03:57.144] [CoACD] [info] Processing [44.4%]
[2026-09-16 21:03:57.144] [CoACD] [info] Processing [88.9%]
[2026-09-16 21:03:57.144] [CoACD] [info] Processing [33.3%]
[2026-09-16 21:03:57.144] [CoACD] [info] Processing [77.8%]
[2026-09-16 21:03:57.144] [CoACD] [info] Processing [55.6%]
[2026-09-16 21:03:57.144] [CoACD] [info] Processing [11.1%]
[2026-09-16 21:03:57.144] [CoACD] [info] Processing [22.2%]
[2026-09-16 21:03:58.610] [CoACD] [info] Processing [100.0%]
[2026-09-16 21:03:58.610] [CoACD] [info] iter 7 ---- waiting pool: 34
[2026-09-16 21:03:58.610] [CoACD] [info] Processing [0.0%]
[2026-09-16 21:03:58.610] [CoACD] [info] Processing [35.3%]
[2026-09-16 21:03:58.610] [CoACD] [info] Processing [11.8%]
[2026-09-16 21:03:58.610] [CoACD] [info] Processing [58.8%]
[2026-09-16 21:03:58.610] [CoACD] [info] Processing [94.1%]
[2026-09-16 21:03:58.610] [CoACD] [info] Processing [82.4%]
[2026-09-16 21:03:58.610] [CoACD] [info] Processing [23.5%]
[2026-09-16 21:03:58.610] [CoACD] [info] Processing [70.6%]
[2026-09-16 21:03:58.610] [CoACD] [info] Processing [47.1%]
[2026-09-16 21:03:59.332] [CoACD] [info] Processing [100.0%]
[2026-09-16 21:03:59.332] [CoACD] [info] iter 8 ---- waiting pool: 12
[2026-09-16 21:03:59.332] [CoACD] [info] Processing [0.0%]
[2026-09-16 21:03:59.332] [CoACD] [info] Processing [33.3%]
[2026-09-16 21:03:59.332] [CoACD] [info] Processing [66.7%]
[2026-09-16 21:03:59.332] [CoACD] [info] Processing [16.7%]
[2026-09-16 21:03:59.332] [CoACD] [info] Processing [83.3%]
[2026-09-16 21:03:59.332] [CoACD] [info] Processing [50.0%]
[2026-09-16 21:03:59.341] [CoACD] [info] Processing [100.0%]
[2026-09-16 21:03:59.341] [CoACD] [info]  - Merge Convex Hulls
[2026-09-16 21:04:03.721] [CoACD] [warning] Max concavity 0.19640904887602714 exceeds the threshold 0.05 due to 8 convex hull limitation
[2026-09-16 21:04:03.721] [CoACD] [info] Compute Time: 22.85867550799594s
[2026-09-16 21:04:03.721] [CoACD] [info] # Convex Hulls: 8
tampa escala [0.1135 0.1135 0.0761] extensao m [0.1134 0.1135 0.035 ] pecas de colisao 8
[2026-09-16 21:04:03.980] [CoACD] [info] threshold               0.05
[2026-09-16 21:04:03.980] [CoACD] [info] max # convex hull       12
[2026-09-16 21:04:03.980] [CoACD] [info] preprocess mode         auto
[2026-09-16 21:04:03.980] [CoACD] [info] preprocess resolution   50
[2026-09-16 21:04:03.980] [CoACD] [info] pca                     false
[2026-09-16 21:04:03.980] [CoACD] [info] mcts max depth          3
[2026-09-16 21:04:03.980] [CoACD] [info] mcts nodes              20
[2026-09-16 21:04:03.980] [CoACD] [info] mcts iterations         150
[2026-09-16 21:04:03.980] [CoACD] [info] merge                   true
[2026-09-16 21:04:03.980] [CoACD] [info] decimate                false
[2026-09-16 21:04:03.980] [CoACD] [info] max_ch_vertex           256
[2026-09-16 21:04:03.980] [CoACD] [info] extrude                 false
[2026-09-16 21:04:03.980] [CoACD] [info] extrude margin          0.01
[2026-09-16 21:04:03.980] [CoACD] [info] approximate mode        ch
[2026-09-16 21:04:03.980] [CoACD] [info] seed                    0
[2026-09-16 21:04:03.980] [CoACD] [info]  - Manifold Check
[2026-09-16 21:04:03.985] [CoACD] [info] 	Unclosed mesh
[2026-09-16 21:04:03.985] [CoACD] [info] Manifold Check Time: 0.004701s
[2026-09-16 21:04:03.986] [CoACD] [info] Mesh Manifoldness: false
[2026-09-16 21:04:03.986] [CoACD] [info]  - Preprocess
[2026-09-16 21:04:03.986] [CoACD] [info] Preprocess resolution: 50
[2026-09-16 21:04:04.000] [CoACD] [info] Preprocess Time: 0.237951s
[2026-09-16 21:04:04.001] [CoACD] [info] # Points: 14828
[2026-09-16 21:04:04.001] [CoACD] [info] # Triangles: 29652
[2026-09-16 21:04:04.001] [CoACD] [info]  - Decomposition (MCTS)
[2026-09-16 21:04:04.001] [CoACD] [info] iter 0 ---- waiting pool: 1
[2026-09-16 21:04:04.001] [CoACD] [info] Processing [0.0%]
[2026-09-16 21:04:06.775] [CoACD] [info] Processing [100.0%]
[2026-09-16 21:04:06.775] [CoACD] [info] iter 1 ---- waiting pool: 2
[2026-09-16 21:04:06.776] [CoACD] [info] Processing [0.0%]
[2026-09-16 21:04:06.776] [CoACD] [info] Processing [50.0%]
[2026-09-16 21:04:08.669] [CoACD] [info] Processing [100.0%]
[2026-09-16 21:04:08.669] [CoACD] [info] iter 2 ---- waiting pool: 4
[2026-09-16 21:04:08.669] [CoACD] [info] Processing [0.0%]
[2026-09-16 21:04:08.669] [CoACD] [info] Processing [25.0%]
[2026-09-16 21:04:08.669] [CoACD] [info] Processing [75.0%]
[2026-09-16 21:04:08.669] [CoACD] [info] Processing [50.0%]
[2026-09-16 21:04:09.936] [CoACD] [info] Processing [100.0%]
[2026-09-16 21:04:09.937] [CoACD] [info] iter 3 ---- waiting pool: 8
[2026-09-16 21:04:09.937] [CoACD] [info] Processing [0.0%]
[2026-09-16 21:04:09.937] [CoACD] [info] Processing [25.0%]
[2026-09-16 21:04:09.937] [CoACD] [info] Processing [12.5%]
[2026-09-16 21:04:09.937] [CoACD] [info] Processing [75.0%]
[2026-09-16 21:04:09.937] [CoACD] [info] Processing [87.5%]
[2026-09-16 21:04:09.937] [CoACD] [info] Processing [50.0%]
[2026-09-16 21:04:09.937] [CoACD] [info] Processing [37.5%]
[2026-09-16 21:04:09.937] [CoACD] [info] Processing [62.5%]
[2026-09-16 21:04:10.781] [CoACD] [info] Processing [100.0%]
[2026-09-16 21:04:10.781] [CoACD] [info] iter 4 ---- waiting pool: 14
[2026-09-16 21:04:10.781] [CoACD] [info] Processing [0.0%]
[2026-09-16 21:04:10.781] [CoACD] [info] Processing [14.3%]
[2026-09-16 21:04:10.781] [CoACD] [info] Processing [28.6%]
[2026-09-16 21:04:10.781] [CoACD] [info] Processing [57.1%]
[2026-09-16 21:04:10.781] [CoACD] [info] Processing [42.9%]
[2026-09-16 21:04:10.781] [CoACD] [info] Processing [71.4%]
[2026-09-16 21:04:10.781] [CoACD] [info] Processing [85.7%]
[2026-09-16 21:04:11.312] [CoACD] [info] Processing [100.0%]
[2026-09-16 21:04:11.312] [CoACD] [info] iter 5 ---- waiting pool: 16
[2026-09-16 21:04:11.312] [CoACD] [info] Processing [0.0%]
[2026-09-16 21:04:11.312] [CoACD] [info] Processing [37.5%]
[2026-09-16 21:04:11.312] [CoACD] [info] Processing [12.5%]
[2026-09-16 21:04:11.312] [CoACD] [info] Processing [62.5%]
[2026-09-16 21:04:11.312] [CoACD] [info] Processing [25.0%]
[2026-09-16 21:04:11.312] [CoACD] [info] Processing [75.0%]
[2026-09-16 21:04:11.312] [CoACD] [info] Processing [50.0%]
[2026-09-16 21:04:11.312] [CoACD] [info] Processing [87.5%]
[2026-09-16 21:04:11.712] [CoACD] [info] Processing [100.0%]
[2026-09-16 21:04:11.712] [CoACD] [info] iter 6 ---- waiting pool: 2
[2026-09-16 21:04:11.712] [CoACD] [info] Processing [0.0%]
[2026-09-16 21:04:11.712] [CoACD] [info] Processing [50.0%]
[2026-09-16 21:04:11.717] [CoACD] [info] Processing [100.0%]
[2026-09-16 21:04:11.717] [CoACD] [info]  - Merge Convex Hulls
[2026-09-16 21:04:12.217] [CoACD] [warning] Max concavity 0.09187465445822594 exceeds the threshold 0.05 due to 12 convex hull limitation
[2026-09-16 21:04:12.217] [CoACD] [info] Compute Time: 8.21669212699635s
[2026-09-16 21:04:12.217] [CoACD] [info] # Convex Hulls: 12
scoop escala 0.1198 extensao m [0.12   0.0618 0.0282] pecas de colisao 12
