[2026-09-16 09:40:31.321] [CoACD] [info] threshold               0.05
[2026-09-16 09:40:31.321] [CoACD] [info] max # convex hull       32
[2026-09-16 09:40:31.321] [CoACD] [info] preprocess mode         auto
[2026-09-16 09:40:31.321] [CoACD] [info] preprocess resolution   50
[2026-09-16 09:40:31.321] [CoACD] [info] pca                     false
[2026-09-16 09:40:31.321] [CoACD] [info] mcts max depth          3
[2026-09-16 09:40:31.321] [CoACD] [info] mcts nodes              20
[2026-09-16 09:40:31.321] [CoACD] [info] mcts iterations         150
[2026-09-16 09:40:31.321] [CoACD] [info] merge                   true
[2026-09-16 09:40:31.321] [CoACD] [info] decimate                false
[2026-09-16 09:40:31.321] [CoACD] [info] max_ch_vertex           256
[2026-09-16 09:40:31.321] [CoACD] [info] extrude                 false
[2026-09-16 09:40:31.321] [CoACD] [info] extrude margin          0.01
[2026-09-16 09:40:31.322] [CoACD] [info] approximate mode        ch
[2026-09-16 09:40:31.322] [CoACD] [info] seed                    0
[2026-09-16 09:40:31.322] [CoACD] [info]  - Manifold Check
[2026-09-16 09:40:31.330] [CoACD] [info] 	Unclosed mesh
[2026-09-16 09:40:31.330] [CoACD] [info] Manifold Check Time: 0.007722s
[2026-09-16 09:40:31.331] [CoACD] [info] Mesh Manifoldness: false
[2026-09-16 09:40:31.331] [CoACD] [info]  - Preprocess
[2026-09-16 09:40:31.331] [CoACD] [info] Preprocess resolution: 50
[2026-09-16 09:40:31.359] [CoACD] [info] Preprocess Time: 0.410547s
[2026-09-16 09:40:31.360] [CoACD] [info] # Points: 23814
[2026-09-16 09:40:31.360] [CoACD] [info] # Triangles: 47628
[2026-09-16 09:40:31.360] [CoACD] [info]  - Decomposition (MCTS)
[2026-09-16 09:40:31.360] [CoACD] [info] iter 0 ---- waiting pool: 1
[2026-09-16 09:40:31.363] [CoACD] [info] Processing [0.0%]
[2026-09-16 09:40:34.748] [CoACD] [info] Processing [100.0%]
[2026-09-16 09:40:34.748] [CoACD] [info] iter 1 ---- waiting pool: 2
[2026-09-16 09:40:34.752] [CoACD] [info] Processing [0.0%]
[2026-09-16 09:40:34.752] [CoACD] [info] Processing [50.0%]
[2026-09-16 09:40:38.007] [CoACD] [info] Processing [100.0%]
[2026-09-16 09:40:38.008] [CoACD] [info] iter 2 ---- waiting pool: 4
[2026-09-16 09:40:38.008] [CoACD] [info] Processing [0.0%]
[2026-09-16 09:40:38.008] [CoACD] [info] Processing [25.0%]
[2026-09-16 09:40:38.008] [CoACD] [info] Processing [75.0%]
[2026-09-16 09:40:38.008] [CoACD] [info] Processing [50.0%]
[2026-09-16 09:40:40.419] [CoACD] [info] Processing [100.0%]
[2026-09-16 09:40:40.419] [CoACD] [info] iter 3 ---- waiting pool: 6
[2026-09-16 09:40:40.422] [CoACD] [info] Processing [0.0%]
[2026-09-16 09:40:40.422] [CoACD] [info] Processing [50.0%]
[2026-09-16 09:40:40.422] [CoACD] [info] Processing [16.7%]
[2026-09-16 09:40:40.422] [CoACD] [info] Processing [33.3%]
[2026-09-16 09:40:40.422] [CoACD] [info] Processing [83.3%]
[2026-09-16 09:40:40.422] [CoACD] [info] Processing [66.7%]
[2026-09-16 09:40:42.522] [CoACD] [info] Processing [100.0%]
[2026-09-16 09:40:42.522] [CoACD] [info] iter 4 ---- waiting pool: 6
[2026-09-16 09:40:42.522] [CoACD] [info] Processing [0.0%]
[2026-09-16 09:40:42.522] [CoACD] [info] Processing [83.3%]
[2026-09-16 09:40:42.522] [CoACD] [info] Processing [33.3%]
[2026-09-16 09:40:42.522] [CoACD] [info] Processing [16.7%]
[2026-09-16 09:40:42.522] [CoACD] [info] Processing [50.0%]
[2026-09-16 09:40:42.522] [CoACD] [info] Processing [66.7%]
[2026-09-16 09:40:43.994] [CoACD] [info] Processing [100.0%]
[2026-09-16 09:40:43.994] [CoACD] [info] iter 5 ---- waiting pool: 12
[2026-09-16 09:40:43.994] [CoACD] [info] Processing [0.0%]
[2026-09-16 09:40:43.994] [CoACD] [info] Processing [33.3%]
[2026-09-16 09:40:43.994] [CoACD] [info] Processing [16.7%]
[2026-09-16 09:40:43.994] [CoACD] [info] Processing [83.3%]
[2026-09-16 09:40:43.994] [CoACD] [info] Processing [66.7%]
[2026-09-16 09:40:43.994] [CoACD] [info] Processing [50.0%]
[2026-09-16 09:40:44.944] [CoACD] [info] Processing [100.0%]
[2026-09-16 09:40:44.944] [CoACD] [info] iter 6 ---- waiting pool: 24
[2026-09-16 09:40:44.944] [CoACD] [info] Processing [0.0%]
[2026-09-16 09:40:44.944] [CoACD] [info] Processing [62.5%]
[2026-09-16 09:40:44.944] [CoACD] [info] Processing [50.0%]
[2026-09-16 09:40:44.944] [CoACD] [info] Processing [25.0%]
[2026-09-16 09:40:44.944] [CoACD] [info] Processing [37.5%]
[2026-09-16 09:40:44.945] [CoACD] [info] Processing [75.0%]
[2026-09-16 09:40:44.945] [CoACD] [info] Processing [87.5%]
[2026-09-16 09:40:44.952] [CoACD] [info] Processing [12.5%]
[2026-09-16 09:40:46.158] [CoACD] [info] Processing [100.0%]
[2026-09-16 09:40:46.158] [CoACD] [info] iter 7 ---- waiting pool: 26
[2026-09-16 09:40:46.161] [CoACD] [info] Processing [0.0%]
[2026-09-16 09:40:46.161] [CoACD] [info] Processing [23.1%]
[2026-09-16 09:40:46.161] [CoACD] [info] Processing [69.2%]
[2026-09-16 09:40:46.161] [CoACD] [info] Processing [92.3%]
[2026-09-16 09:40:46.161] [CoACD] [info] Processing [46.2%]
[2026-09-16 09:40:46.161] [CoACD] [info] Processing [57.7%]
[2026-09-16 09:40:46.161] [CoACD] [info] Processing [80.8%]
[2026-09-16 09:40:46.167] [CoACD] [info] Processing [34.6%]
[2026-09-16 09:40:46.168] [CoACD] [info] Processing [11.5%]
[2026-09-16 09:40:46.863] [CoACD] [info] Processing [100.0%]
[2026-09-16 09:40:46.863] [CoACD] [info] iter 8 ---- waiting pool: 12
[2026-09-16 09:40:46.867] [CoACD] [info] Processing [16.7%]
[2026-09-16 09:40:46.867] [CoACD] [info] Processing [83.3%]
[2026-09-16 09:40:46.867] [CoACD] [info] Processing [33.3%]
[2026-09-16 09:40:46.867] [CoACD] [info] Processing [66.7%]
[2026-09-16 09:40:46.867] [CoACD] [info] Processing [50.0%]
[2026-09-16 09:40:46.871] [CoACD] [info] Processing [0.0%]
[2026-09-16 09:40:47.211] [CoACD] [info] Processing [100.0%]
[2026-09-16 09:40:47.211] [CoACD] [info] iter 9 ---- waiting pool: 4
[2026-09-16 09:40:47.214] [CoACD] [info] Processing [0.0%]
[2026-09-16 09:40:47.214] [CoACD] [info] Processing [75.0%]
[2026-09-16 09:40:47.214] [CoACD] [info] Processing [25.0%]
[2026-09-16 09:40:47.214] [CoACD] [info] Processing [50.0%]
[2026-09-16 09:40:47.220] [CoACD] [info] Processing [100.0%]
[2026-09-16 09:40:47.220] [CoACD] [info]  - Merge Convex Hulls
[2026-09-16 09:40:47.862] [CoACD] [warning] Max concavity 0.058083606272262917 exceeds the threshold 0.05 due to 32 convex hull limitation
[2026-09-16 09:40:47.862] [CoACD] [info] Compute Time: 16.5021404659783s
[2026-09-16 09:40:47.862] [CoACD] [info] # Convex Hulls: 32
coador escala 0.2303 extensao m [0.1263 0.123  0.23  ] pecas de colisao 32
[2026-09-16 09:40:48.204] [CoACD] [info] threshold               0.05
[2026-09-16 09:40:48.204] [CoACD] [info] max # convex hull       24
[2026-09-16 09:40:48.204] [CoACD] [info] preprocess mode         auto
[2026-09-16 09:40:48.204] [CoACD] [info] preprocess resolution   50
[2026-09-16 09:40:48.204] [CoACD] [info] pca                     false
[2026-09-16 09:40:48.204] [CoACD] [info] mcts max depth          3
[2026-09-16 09:40:48.204] [CoACD] [info] mcts nodes              20
[2026-09-16 09:40:48.204] [CoACD] [info] mcts iterations         150
[2026-09-16 09:40:48.204] [CoACD] [info] merge                   true
[2026-09-16 09:40:48.204] [CoACD] [info] decimate                false
[2026-09-16 09:40:48.204] [CoACD] [info] max_ch_vertex           256
[2026-09-16 09:40:48.204] [CoACD] [info] extrude                 false
[2026-09-16 09:40:48.204] [CoACD] [info] extrude margin          0.01
[2026-09-16 09:40:48.204] [CoACD] [info] approximate mode        ch
[2026-09-16 09:40:48.204] [CoACD] [info] seed                    0
[2026-09-16 09:40:48.205] [CoACD] [info]  - Manifold Check
[2026-09-16 09:40:48.215] [CoACD] [info] 	Unclosed mesh
[2026-09-16 09:40:48.215] [CoACD] [info] Manifold Check Time: 0.009741s
[2026-09-16 09:40:48.216] [CoACD] [info] Mesh Manifoldness: false
[2026-09-16 09:40:48.217] [CoACD] [info]  - Preprocess
[2026-09-16 09:40:48.217] [CoACD] [info] Preprocess resolution: 50
[2026-09-16 09:40:48.249] [CoACD] [info] Preprocess Time: 0.52143s
[2026-09-16 09:40:48.250] [CoACD] [info] # Points: 42004
[2026-09-16 09:40:48.250] [CoACD] [info] # Triangles: 84012
[2026-09-16 09:40:48.250] [CoACD] [info]  - Decomposition (MCTS)
[2026-09-16 09:40:48.250] [CoACD] [info] iter 0 ---- waiting pool: 1
[2026-09-16 09:40:48.250] [CoACD] [info] Processing [0.0%]
[2026-09-16 09:40:57.305] [CoACD] [info] Processing [100.0%]
[2026-09-16 09:40:57.305] [CoACD] [info] iter 1 ---- waiting pool: 2
[2026-09-16 09:40:57.305] [CoACD] [info] Processing [0.0%]
[2026-09-16 09:40:57.305] [CoACD] [info] Processing [50.0%]
[2026-09-16 09:41:02.152] [CoACD] [info] Processing [100.0%]
[2026-09-16 09:41:02.152] [CoACD] [info] iter 2 ---- waiting pool: 4
[2026-09-16 09:41:02.152] [CoACD] [info] Processing [0.0%]
[2026-09-16 09:41:02.152] [CoACD] [info] Processing [25.0%]
[2026-09-16 09:41:02.152] [CoACD] [info] Processing [50.0%]
[2026-09-16 09:41:02.152] [CoACD] [info] Processing [75.0%]
[2026-09-16 09:41:05.250] [CoACD] [info] Processing [100.0%]
[2026-09-16 09:41:05.250] [CoACD] [info] iter 3 ---- waiting pool: 8
[2026-09-16 09:41:05.250] [CoACD] [info] Processing [0.0%]
[2026-09-16 09:41:05.250] [CoACD] [info] Processing [50.0%]
[2026-09-16 09:41:05.250] [CoACD] [info] Processing [75.0%]
[2026-09-16 09:41:05.250] [CoACD] [info] Processing [12.5%]
[2026-09-16 09:41:05.250] [CoACD] [info] Processing [87.5%]
[2026-09-16 09:41:05.250] [CoACD] [info] Processing [25.0%]
[2026-09-16 09:41:05.250] [CoACD] [info] Processing [62.5%]
[2026-09-16 09:41:05.250] [CoACD] [info] Processing [37.5%]
[2026-09-16 09:41:07.197] [CoACD] [info] Processing [100.0%]
[2026-09-16 09:41:07.197] [CoACD] [info] iter 4 ---- waiting pool: 16
[2026-09-16 09:41:07.197] [CoACD] [info] Processing [0.0%]
[2026-09-16 09:41:07.197] [CoACD] [info] Processing [12.5%]
[2026-09-16 09:41:07.197] [CoACD] [info] Processing [75.0%]
[2026-09-16 09:41:07.197] [CoACD] [info] Processing [25.0%]
[2026-09-16 09:41:07.197] [CoACD] [info] Processing [50.0%]
[2026-09-16 09:41:07.197] [CoACD] [info] Processing [37.5%]
[2026-09-16 09:41:07.197] [CoACD] [info] Processing [87.5%]
[2026-09-16 09:41:07.197] [CoACD] [info] Processing [62.5%]
[2026-09-16 09:41:08.793] [CoACD] [info] Processing [100.0%]
[2026-09-16 09:41:08.793] [CoACD] [info] iter 5 ---- waiting pool: 28
[2026-09-16 09:41:08.793] [CoACD] [info] Processing [0.0%]
[2026-09-16 09:41:08.793] [CoACD] [info] Processing [21.4%]
[2026-09-16 09:41:08.793] [CoACD] [info] Processing [96.4%]
[2026-09-16 09:41:08.793] [CoACD] [info] Processing [85.7%]
[2026-09-16 09:41:08.793] [CoACD] [info] Processing [75.0%]
[2026-09-16 09:41:08.793] [CoACD] [info] Processing [42.9%]
[2026-09-16 09:41:08.793] [CoACD] [info] Processing [64.3%]
[2026-09-16 09:41:09.557] [CoACD] [info] Processing [53.6%]
[2026-09-16 09:41:09.715] [CoACD] [info] Processing [32.1%]
[2026-09-16 09:41:09.737] [CoACD] [info] Processing [10.7%]
[2026-09-16 09:41:10.816] [CoACD] [info] Processing [100.0%]
[2026-09-16 09:41:10.816] [CoACD] [info] iter 6 ---- waiting pool: 34
[2026-09-16 09:41:10.816] [CoACD] [info] Processing [0.0%]
[2026-09-16 09:41:10.816] [CoACD] [info] Processing [23.5%]
[2026-09-16 09:41:10.816] [CoACD] [info] Processing [47.1%]
[2026-09-16 09:41:10.816] [CoACD] [info] Processing [94.1%]
[2026-09-16 09:41:10.816] [CoACD] [info] Processing [58.8%]
[2026-09-16 09:41:10.816] [CoACD] [info] Processing [11.8%]
[2026-09-16 09:41:10.816] [CoACD] [info] Processing [35.3%]
[2026-09-16 09:41:10.816] [CoACD] [info] Processing [70.6%]
[2026-09-16 09:41:10.816] [CoACD] [info] Processing [82.4%]
[2026-09-16 09:41:12.485] [CoACD] [info] Processing [100.0%]
[2026-09-16 09:41:12.486] [CoACD] [info] iter 7 ---- waiting pool: 38
[2026-09-16 09:41:12.488] [CoACD] [info] Processing [0.0%]
[2026-09-16 09:41:12.488] [CoACD] [info] Processing [94.7%]
[2026-09-16 09:41:12.488] [CoACD] [info] Processing [73.7%]
[2026-09-16 09:41:12.488] [CoACD] [info] Processing [42.1%]
[2026-09-16 09:41:12.488] [CoACD] [info] Processing [10.5%]
[2026-09-16 09:41:12.488] [CoACD] [info] Processing [21.1%]
[2026-09-16 09:41:12.488] [CoACD] [info] Processing [63.2%]
[2026-09-16 09:41:12.488] [CoACD] [info] Processing [52.6%]
[2026-09-16 09:41:12.488] [CoACD] [info] Processing [31.6%]
[2026-09-16 09:41:12.488] [CoACD] [info] Processing [84.2%]
[2026-09-16 09:41:13.286] [CoACD] [info] Processing [100.0%]
[2026-09-16 09:41:13.286] [CoACD] [info] iter 8 ---- waiting pool: 14
[2026-09-16 09:41:13.286] [CoACD] [info] Processing [0.0%]
[2026-09-16 09:41:13.286] [CoACD] [info] Processing [71.4%]
[2026-09-16 09:41:13.286] [CoACD] [info] Processing [28.6%]
[2026-09-16 09:41:13.286] [CoACD] [info] Processing [57.1%]
[2026-09-16 09:41:13.286] [CoACD] [info] Processing [42.9%]
[2026-09-16 09:41:13.286] [CoACD] [info] Processing [85.7%]
[2026-09-16 09:41:13.286] [CoACD] [info] Processing [14.3%]
[2026-09-16 09:41:13.603] [CoACD] [info] Processing [100.0%]
[2026-09-16 09:41:13.603] [CoACD] [info] iter 9 ---- waiting pool: 8
[2026-09-16 09:41:13.606] [CoACD] [info] Processing [0.0%]
[2026-09-16 09:41:13.606] [CoACD] [info] Processing [25.0%]
[2026-09-16 09:41:13.606] [CoACD] [info] Processing [12.5%]
[2026-09-16 09:41:13.606] [CoACD] [info] Processing [87.5%]
[2026-09-16 09:41:13.606] [CoACD] [info] Processing [62.5%]
[2026-09-16 09:41:13.606] [CoACD] [info] Processing [50.0%]
[2026-09-16 09:41:13.606] [CoACD] [info] Processing [75.0%]
[2026-09-16 09:41:13.606] [CoACD] [info] Processing [37.5%]
[2026-09-16 09:41:13.612] [CoACD] [info] Processing [100.0%]
[2026-09-16 09:41:13.612] [CoACD] [info]  - Merge Convex Hulls
[2026-09-16 09:41:16.815] [CoACD] [warning] Max concavity 0.10760907395704612 exceeds the threshold 0.05 due to 24 convex hull limitation
[2026-09-16 09:41:16.815] [CoACD] [info] Compute Time: 28.56558298598975s
[2026-09-16 09:41:16.815] [CoACD] [info] # Convex Hulls: 24
pote escala 0.1677 extensao m [0.1675 0.1353 0.08  ] pecas de colisao 24
[2026-09-16 09:41:17.124] [CoACD] [info] threshold               0.05
[2026-09-16 09:41:17.124] [CoACD] [info] max # convex hull       8
[2026-09-16 09:41:17.124] [CoACD] [info] preprocess mode         auto
[2026-09-16 09:41:17.124] [CoACD] [info] preprocess resolution   50
[2026-09-16 09:41:17.124] [CoACD] [info] pca                     false
[2026-09-16 09:41:17.124] [CoACD] [info] mcts max depth          3
[2026-09-16 09:41:17.124] [CoACD] [info] mcts nodes              20
[2026-09-16 09:41:17.124] [CoACD] [info] mcts iterations         150
[2026-09-16 09:41:17.124] [CoACD] [info] merge                   true
[2026-09-16 09:41:17.124] [CoACD] [info] decimate                false
[2026-09-16 09:41:17.124] [CoACD] [info] max_ch_vertex           256
[2026-09-16 09:41:17.124] [CoACD] [info] extrude                 false
[2026-09-16 09:41:17.124] [CoACD] [info] extrude margin          0.01
[2026-09-16 09:41:17.124] [CoACD] [info] approximate mode        ch
[2026-09-16 09:41:17.124] [CoACD] [info] seed                    0
[2026-09-16 09:41:17.125] [CoACD] [info]  - Manifold Check
[2026-09-16 09:41:17.138] [CoACD] [info] 	Unclosed mesh
[2026-09-16 09:41:17.138] [CoACD] [info] Manifold Check Time: 0.013429s
[2026-09-16 09:41:17.140] [CoACD] [info] Mesh Manifoldness: false
[2026-09-16 09:41:17.140] [CoACD] [info]  - Preprocess
[2026-09-16 09:41:17.140] [CoACD] [info] Preprocess resolution: 50
[2026-09-16 09:41:17.170] [CoACD] [info] Preprocess Time: 0.504983s
[2026-09-16 09:41:17.170] [CoACD] [info] # Points: 44860
[2026-09-16 09:41:17.170] [CoACD] [info] # Triangles: 89744
[2026-09-16 09:41:17.170] [CoACD] [info]  - Decomposition (MCTS)
[2026-09-16 09:41:17.170] [CoACD] [info] iter 0 ---- waiting pool: 1
[2026-09-16 09:41:17.170] [CoACD] [info] Processing [0.0%]
[2026-09-16 09:41:23.192] [CoACD] [info] Processing [100.0%]
[2026-09-16 09:41:23.192] [CoACD] [info] iter 1 ---- waiting pool: 2
[2026-09-16 09:41:23.192] [CoACD] [info] Processing [0.0%]
[2026-09-16 09:41:23.192] [CoACD] [info] Processing [50.0%]
[2026-09-16 09:41:27.186] [CoACD] [info] Processing [100.0%]
[2026-09-16 09:41:27.187] [CoACD] [info] iter 2 ---- waiting pool: 4
[2026-09-16 09:41:27.187] [CoACD] [info] Processing [0.0%]
[2026-09-16 09:41:27.187] [CoACD] [info] Processing [50.0%]
[2026-09-16 09:41:27.187] [CoACD] [info] Processing [75.0%]
[2026-09-16 09:41:27.187] [CoACD] [info] Processing [25.0%]
[2026-09-16 09:41:29.569] [CoACD] [info] Processing [100.0%]
[2026-09-16 09:41:29.569] [CoACD] [info] iter 3 ---- waiting pool: 8
[2026-09-16 09:41:29.569] [CoACD] [info] Processing [0.0%]
[2026-09-16 09:41:29.569] [CoACD] [info] Processing [87.5%]
[2026-09-16 09:41:29.569] [CoACD] [info] Processing [62.5%]
[2026-09-16 09:41:29.569] [CoACD] [info] Processing [50.0%]
[2026-09-16 09:41:29.569] [CoACD] [info] Processing [75.0%]
[2026-09-16 09:41:29.569] [CoACD] [info] Processing [37.5%]
[2026-09-16 09:41:29.569] [CoACD] [info] Processing [12.5%]
[2026-09-16 09:41:29.569] [CoACD] [info] Processing [25.0%]
[2026-09-16 09:41:31.451] [CoACD] [info] Processing [100.0%]
[2026-09-16 09:41:31.452] [CoACD] [info] iter 4 ---- waiting pool: 16
[2026-09-16 09:41:31.452] [CoACD] [info] Processing [0.0%]
[2026-09-16 09:41:31.452] [CoACD] [info] Processing [12.5%]
[2026-09-16 09:41:31.452] [CoACD] [info] Processing [75.0%]
[2026-09-16 09:41:31.452] [CoACD] [info] Processing [50.0%]
[2026-09-16 09:41:31.452] [CoACD] [info] Processing [25.0%]
[2026-09-16 09:41:31.452] [CoACD] [info] Processing [87.5%]
[2026-09-16 09:41:31.452] [CoACD] [info] Processing [37.5%]
[2026-09-16 09:41:31.452] [CoACD] [info] Processing [62.5%]
[2026-09-16 09:41:32.875] [CoACD] [info] Processing [100.0%]
[2026-09-16 09:41:32.875] [CoACD] [info] iter 5 ---- waiting pool: 26
[2026-09-16 09:41:32.875] [CoACD] [info] Processing [0.0%]
[2026-09-16 09:41:32.875] [CoACD] [info] Processing [46.2%]
[2026-09-16 09:41:32.875] [CoACD] [info] Processing [80.8%]
[2026-09-16 09:41:32.875] [CoACD] [info] Processing [92.3%]
[2026-09-16 09:41:32.875] [CoACD] [info] Processing [69.2%]
[2026-09-16 09:41:32.875] [CoACD] [info] Processing [23.1%]
[2026-09-16 09:41:32.875] [CoACD] [info] Processing [57.7%]
[2026-09-16 09:41:33.412] [CoACD] [info] Processing [34.6%]
[2026-09-16 09:41:33.627] [CoACD] [info] Processing [11.5%]
[2026-09-16 09:41:34.900] [CoACD] [info] Processing [100.0%]
[2026-09-16 09:41:34.901] [CoACD] [info] iter 6 ---- waiting pool: 46
[2026-09-16 09:41:34.901] [CoACD] [info] Processing [0.0%]
[2026-09-16 09:41:34.901] [CoACD] [info] Processing [43.5%]
[2026-09-16 09:41:34.901] [CoACD] [info] Processing [32.6%]
[2026-09-16 09:41:34.901] [CoACD] [info] Processing [65.2%]
[2026-09-16 09:41:34.901] [CoACD] [info] Processing [87.0%]
[2026-09-16 09:41:34.906] [CoACD] [info] Processing [97.8%]
[2026-09-16 09:41:34.913] [CoACD] [info] Processing [10.9%]
[2026-09-16 09:41:35.013] [CoACD] [info] Processing [21.7%]
[2026-09-16 09:41:35.334] [CoACD] [info] Processing [54.3%]
[2026-09-16 09:41:35.338] [CoACD] [info] Processing [76.1%]
[2026-09-16 09:41:36.353] [CoACD] [info] Processing [100.0%]
[2026-09-16 09:41:36.353] [CoACD] [info] iter 7 ---- waiting pool: 42
[2026-09-16 09:41:36.353] [CoACD] [info] Processing [0.0%]
[2026-09-16 09:41:36.353] [CoACD] [info] Processing [23.8%]
[2026-09-16 09:41:36.353] [CoACD] [info] Processing [47.6%]
[2026-09-16 09:41:36.353] [CoACD] [info] Processing [71.4%]
[2026-09-16 09:41:36.353] [CoACD] [info] Processing [95.2%]
[2026-09-16 09:41:36.363] [CoACD] [info] Processing [83.3%]
[2026-09-16 09:41:36.766] [CoACD] [info] Processing [59.5%]
[2026-09-16 09:41:36.770] [CoACD] [info] Processing [11.9%]
[2026-09-16 09:41:36.984] [CoACD] [info] Processing [35.7%]
[2026-09-16 09:41:37.754] [CoACD] [info] Processing [100.0%]
[2026-09-16 09:41:37.754] [CoACD] [info] iter 8 ---- waiting pool: 42
[2026-09-16 09:41:37.754] [CoACD] [info] Processing [0.0%]
[2026-09-16 09:41:37.754] [CoACD] [info] Processing [47.6%]
[2026-09-16 09:41:37.754] [CoACD] [info] Processing [95.2%]
[2026-09-16 09:41:37.754] [CoACD] [info] Processing [71.4%]
[2026-09-16 09:41:37.754] [CoACD] [info] Processing [23.8%]
[2026-09-16 09:41:37.767] [CoACD] [info] Processing [83.3%]
[2026-09-16 09:41:37.770] [CoACD] [info] Processing [11.9%]
[2026-09-16 09:41:38.034] [CoACD] [info] Processing [35.7%]
[2026-09-16 09:41:38.100] [CoACD] [info] Processing [59.5%]
[2026-09-16 09:41:38.509] [CoACD] [info] Processing [100.0%]
[2026-09-16 09:41:38.509] [CoACD] [info] iter 9 ---- waiting pool: 28
[2026-09-16 09:41:38.509] [CoACD] [info] Processing [0.0%]
[2026-09-16 09:41:38.509] [CoACD] [info] Processing [96.4%]
[2026-09-16 09:41:38.509] [CoACD] [info] Processing [75.0%]
[2026-09-16 09:41:38.509] [CoACD] [info] Processing [21.4%]
[2026-09-16 09:41:38.509] [CoACD] [info] Processing [85.7%]
[2026-09-16 09:41:38.509] [CoACD] [info] Processing [42.9%]
[2026-09-16 09:41:38.509] [CoACD] [info] Processing [64.3%]
[2026-09-16 09:41:38.514] [CoACD] [info] Processing [32.1%]
[2026-09-16 09:41:38.522] [CoACD] [info] Processing [10.7%]
[2026-09-16 09:41:38.522] [CoACD] [info] Processing [53.6%]
[2026-09-16 09:41:38.772] [CoACD] [info] Processing [100.0%]
[2026-09-16 09:41:38.773] [CoACD] [info] iter 10 ---- waiting pool: 4
[2026-09-16 09:41:38.775] [CoACD] [info] Processing [0.0%]
[2026-09-16 09:41:38.775] [CoACD] [info] Processing [25.0%]
[2026-09-16 09:41:38.775] [CoACD] [info] Processing [75.0%]
[2026-09-16 09:41:38.777] [CoACD] [info] Processing [50.0%]
[2026-09-16 09:41:38.780] [CoACD] [info] Processing [100.0%]
[2026-09-16 09:41:38.780] [CoACD] [info]  - Merge Convex Hulls
[2026-09-16 09:41:44.105] [CoACD] [warning] Max concavity 0.25389692970790223 exceeds the threshold 0.05 due to 8 convex hull limitation
[2026-09-16 09:41:44.105] [CoACD] [info] Compute Time: 26.934748427011073s
[2026-09-16 09:41:44.105] [CoACD] [info] # Convex Hulls: 8
tampa escala 0.1362 extensao m [0.136  0.1362 0.0627] pecas de colisao 8
