[2026-09-16 10:03:42.664] [CoACD] [info] threshold               0.05
[2026-09-16 10:03:42.664] [CoACD] [info] max # convex hull       32
[2026-09-16 10:03:42.664] [CoACD] [info] preprocess mode         auto
[2026-09-16 10:03:42.664] [CoACD] [info] preprocess resolution   50
[2026-09-16 10:03:42.664] [CoACD] [info] pca                     false
[2026-09-16 10:03:42.664] [CoACD] [info] mcts max depth          3
[2026-09-16 10:03:42.664] [CoACD] [info] mcts nodes              20
[2026-09-16 10:03:42.664] [CoACD] [info] mcts iterations         150
[2026-09-16 10:03:42.664] [CoACD] [info] merge                   true
[2026-09-16 10:03:42.664] [CoACD] [info] decimate                false
[2026-09-16 10:03:42.664] [CoACD] [info] max_ch_vertex           256
[2026-09-16 10:03:42.664] [CoACD] [info] extrude                 false
[2026-09-16 10:03:42.664] [CoACD] [info] extrude margin          0.01
[2026-09-16 10:03:42.664] [CoACD] [info] approximate mode        ch
[2026-09-16 10:03:42.664] [CoACD] [info] seed                    0
[2026-09-16 10:03:42.664] [CoACD] [info]  - Manifold Check
[2026-09-16 10:03:42.671] [CoACD] [info] 	Unclosed mesh
[2026-09-16 10:03:42.671] [CoACD] [info] Manifold Check Time: 0.006624s
[2026-09-16 10:03:42.672] [CoACD] [info] Mesh Manifoldness: false
[2026-09-16 10:03:42.672] [CoACD] [info]  - Preprocess
[2026-09-16 10:03:42.672] [CoACD] [info] Preprocess resolution: 50
[2026-09-16 10:03:42.699] [CoACD] [info] Preprocess Time: 0.406368s
[2026-09-16 10:03:42.700] [CoACD] [info] # Points: 23814
[2026-09-16 10:03:42.700] [CoACD] [info] # Triangles: 47628
[2026-09-16 10:03:42.700] [CoACD] [info]  - Decomposition (MCTS)
[2026-09-16 10:03:42.700] [CoACD] [info] iter 0 ---- waiting pool: 1
[2026-09-16 10:03:42.700] [CoACD] [info] Processing [0.0%]
[2026-09-16 10:03:46.082] [CoACD] [info] Processing [100.0%]
[2026-09-16 10:03:46.082] [CoACD] [info] iter 1 ---- waiting pool: 2
[2026-09-16 10:03:46.083] [CoACD] [info] Processing [0.0%]
[2026-09-16 10:03:46.083] [CoACD] [info] Processing [50.0%]
[2026-09-16 10:03:49.166] [CoACD] [info] Processing [100.0%]
[2026-09-16 10:03:49.166] [CoACD] [info] iter 2 ---- waiting pool: 4
[2026-09-16 10:03:49.169] [CoACD] [info] Processing [0.0%]
[2026-09-16 10:03:49.169] [CoACD] [info] Processing [25.0%]
[2026-09-16 10:03:49.169] [CoACD] [info] Processing [50.0%]
[2026-09-16 10:03:49.169] [CoACD] [info] Processing [75.0%]
[2026-09-16 10:03:51.260] [CoACD] [info] Processing [100.0%]
[2026-09-16 10:03:51.260] [CoACD] [info] iter 3 ---- waiting pool: 6
[2026-09-16 10:03:51.260] [CoACD] [info] Processing [0.0%]
[2026-09-16 10:03:51.260] [CoACD] [info] Processing [33.3%]
[2026-09-16 10:03:51.260] [CoACD] [info] Processing [16.7%]
[2026-09-16 10:03:51.260] [CoACD] [info] Processing [83.3%]
[2026-09-16 10:03:51.260] [CoACD] [info] Processing [66.7%]
[2026-09-16 10:03:51.260] [CoACD] [info] Processing [50.0%]
[2026-09-16 10:03:53.164] [CoACD] [info] Processing [100.0%]
[2026-09-16 10:03:53.164] [CoACD] [info] iter 4 ---- waiting pool: 6
[2026-09-16 10:03:53.164] [CoACD] [info] Processing [0.0%]
[2026-09-16 10:03:53.164] [CoACD] [info] Processing [33.3%]
[2026-09-16 10:03:53.164] [CoACD] [info] Processing [16.7%]
[2026-09-16 10:03:53.164] [CoACD] [info] Processing [83.3%]
[2026-09-16 10:03:53.164] [CoACD] [info] Processing [66.7%]
[2026-09-16 10:03:53.164] [CoACD] [info] Processing [50.0%]
[2026-09-16 10:03:54.432] [CoACD] [info] Processing [100.0%]
[2026-09-16 10:03:54.432] [CoACD] [info] iter 5 ---- waiting pool: 12
[2026-09-16 10:03:54.433] [CoACD] [info] Processing [0.0%]
[2026-09-16 10:03:54.433] [CoACD] [info] Processing [33.3%]
[2026-09-16 10:03:54.433] [CoACD] [info] Processing [16.7%]
[2026-09-16 10:03:54.433] [CoACD] [info] Processing [66.7%]
[2026-09-16 10:03:54.433] [CoACD] [info] Processing [50.0%]
[2026-09-16 10:03:54.433] [CoACD] [info] Processing [83.3%]
[2026-09-16 10:03:55.298] [CoACD] [info] Processing [100.0%]
[2026-09-16 10:03:55.298] [CoACD] [info] iter 6 ---- waiting pool: 24
[2026-09-16 10:03:55.298] [CoACD] [info] Processing [0.0%]
[2026-09-16 10:03:55.298] [CoACD] [info] Processing [50.0%]
[2026-09-16 10:03:55.298] [CoACD] [info] Processing [87.5%]
[2026-09-16 10:03:55.298] [CoACD] [info] Processing [25.0%]
[2026-09-16 10:03:55.298] [CoACD] [info] Processing [62.5%]
[2026-09-16 10:03:55.299] [CoACD] [info] Processing [75.0%]
[2026-09-16 10:03:55.298] [CoACD] [info] Processing [37.5%]
[2026-09-16 10:03:55.302] [CoACD] [info] Processing [12.5%]
[2026-09-16 10:03:56.409] [CoACD] [info] Processing [100.0%]
[2026-09-16 10:03:56.409] [CoACD] [info] iter 7 ---- waiting pool: 26
[2026-09-16 10:03:56.409] [CoACD] [info] Processing [0.0%]
[2026-09-16 10:03:56.409] [CoACD] [info] Processing [23.1%]
[2026-09-16 10:03:56.409] [CoACD] [info] Processing [46.2%]
[2026-09-16 10:03:56.409] [CoACD] [info] Processing [92.3%]
[2026-09-16 10:03:56.409] [CoACD] [info] Processing [69.2%]
[2026-09-16 10:03:56.409] [CoACD] [info] Processing [57.7%]
[2026-09-16 10:03:56.409] [CoACD] [info] Processing [80.8%]
[2026-09-16 10:03:56.417] [CoACD] [info] Processing [34.6%]
[2026-09-16 10:03:56.418] [CoACD] [info] Processing [11.5%]
[2026-09-16 10:03:57.069] [CoACD] [info] Processing [100.0%]
[2026-09-16 10:03:57.069] [CoACD] [info] iter 8 ---- waiting pool: 12
[2026-09-16 10:03:57.072] [CoACD] [info] Processing [0.0%]
[2026-09-16 10:03:57.072] [CoACD] [info] Processing [83.3%]
[2026-09-16 10:03:57.072] [CoACD] [info] Processing [50.0%]
[2026-09-16 10:03:57.072] [CoACD] [info] Processing [16.7%]
[2026-09-16 10:03:57.072] [CoACD] [info] Processing [66.7%]
[2026-09-16 10:03:57.072] [CoACD] [info] Processing [33.3%]
[2026-09-16 10:03:57.387] [CoACD] [info] Processing [100.0%]
[2026-09-16 10:03:57.387] [CoACD] [info] iter 9 ---- waiting pool: 4
[2026-09-16 10:03:57.389] [CoACD] [info] Processing [0.0%]
[2026-09-16 10:03:57.389] [CoACD] [info] Processing [50.0%]
[2026-09-16 10:03:57.389] [CoACD] [info] Processing [25.0%]
[2026-09-16 10:03:57.389] [CoACD] [info] Processing [75.0%]
[2026-09-16 10:03:57.393] [CoACD] [info] Processing [100.0%]
[2026-09-16 10:03:57.393] [CoACD] [info]  - Merge Convex Hulls
[2026-09-16 10:03:57.876] [CoACD] [warning] Max concavity 0.058083606272262917 exceeds the threshold 0.05 due to 32 convex hull limitation
[2026-09-16 10:03:57.876] [CoACD] [info] Compute Time: 15.176329704991076s
[2026-09-16 10:03:57.876] [CoACD] [info] # Convex Hulls: 32
coador escala 0.2503 extensao m [0.1373 0.1337 0.25  ] pecas de colisao 32
