[2026-09-16 10:01:07.324] [CoACD] [info] threshold               0.05
[2026-09-16 10:01:07.324] [CoACD] [info] max # convex hull       32
[2026-09-16 10:01:07.324] [CoACD] [info] preprocess mode         auto
[2026-09-16 10:01:07.324] [CoACD] [info] preprocess resolution   50
[2026-09-16 10:01:07.324] [CoACD] [info] pca                     false
[2026-09-16 10:01:07.324] [CoACD] [info] mcts max depth          3
[2026-09-16 10:01:07.324] [CoACD] [info] mcts nodes              20
[2026-09-16 10:01:07.324] [CoACD] [info] mcts iterations         150
[2026-09-16 10:01:07.324] [CoACD] [info] merge                   true
[2026-09-16 10:01:07.324] [CoACD] [info] decimate                false
[2026-09-16 10:01:07.324] [CoACD] [info] max_ch_vertex           256
[2026-09-16 10:01:07.324] [CoACD] [info] extrude                 false
[2026-09-16 10:01:07.324] [CoACD] [info] extrude margin          0.01
[2026-09-16 10:01:07.324] [CoACD] [info] approximate mode        ch
[2026-09-16 10:01:07.324] [CoACD] [info] seed                    0
[2026-09-16 10:01:07.325] [CoACD] [info]  - Manifold Check
[2026-09-16 10:01:07.334] [CoACD] [info] 	Unclosed mesh
[2026-09-16 10:01:07.334] [CoACD] [info] Manifold Check Time: 0.008638s
[2026-09-16 10:01:07.335] [CoACD] [info] Mesh Manifoldness: false
[2026-09-16 10:01:07.335] [CoACD] [info]  - Preprocess
[2026-09-16 10:01:07.335] [CoACD] [info] Preprocess resolution: 50
[2026-09-16 10:01:07.384] [CoACD] [info] Preprocess Time: 0.764073s
[2026-09-16 10:01:07.384] [CoACD] [info] # Points: 43092
[2026-09-16 10:01:07.384] [CoACD] [info] # Triangles: 86184
[2026-09-16 10:01:07.384] [CoACD] [info]  - Decomposition (MCTS)
[2026-09-16 10:01:07.384] [CoACD] [info] iter 0 ---- waiting pool: 1
[2026-09-16 10:01:07.385] [CoACD] [info] Processing [0.0%]
[2026-09-16 10:01:14.244] [CoACD] [info] Processing [100.0%]
[2026-09-16 10:01:14.244] [CoACD] [info] iter 1 ---- waiting pool: 2
[2026-09-16 10:01:14.244] [CoACD] [info] Processing [0.0%]
[2026-09-16 10:01:14.244] [CoACD] [info] Processing [50.0%]
[2026-09-16 10:01:20.341] [CoACD] [info] Processing [100.0%]
[2026-09-16 10:01:20.341] [CoACD] [info] iter 2 ---- waiting pool: 4
[2026-09-16 10:01:20.341] [CoACD] [info] Processing [0.0%]
[2026-09-16 10:01:20.341] [CoACD] [info] Processing [25.0%]
[2026-09-16 10:01:20.341] [CoACD] [info] Processing [75.0%]
[2026-09-16 10:01:20.341] [CoACD] [info] Processing [50.0%]
[2026-09-16 10:01:25.695] [CoACD] [info] Processing [100.0%]
[2026-09-16 10:01:25.695] [CoACD] [info] iter 3 ---- waiting pool: 8
[2026-09-16 10:01:25.695] [CoACD] [info] Processing [0.0%]
[2026-09-16 10:01:25.695] [CoACD] [info] Processing [37.5%]
[2026-09-16 10:01:25.695] [CoACD] [info] Processing [50.0%]
[2026-09-16 10:01:25.695] [CoACD] [info] Processing [75.0%]
[2026-09-16 10:01:25.695] [CoACD] [info] Processing [87.5%]
[2026-09-16 10:01:25.695] [CoACD] [info] Processing [12.5%]
[2026-09-16 10:01:25.695] [CoACD] [info] Processing [25.0%]
[2026-09-16 10:01:25.696] [CoACD] [info] Processing [62.5%]
[2026-09-16 10:01:30.463] [CoACD] [info] Processing [100.0%]
[2026-09-16 10:01:30.463] [CoACD] [info] iter 4 ---- waiting pool: 10
[2026-09-16 10:01:30.466] [CoACD] [info] Processing [40.0%]
[2026-09-16 10:01:30.466] [CoACD] [info] Processing [0.0%]
[2026-09-16 10:01:30.466] [CoACD] [info] Processing [80.0%]
[2026-09-16 10:01:30.466] [CoACD] [info] Processing [20.0%]
[2026-09-16 10:01:30.466] [CoACD] [info] Processing [60.0%]
[2026-09-16 10:01:32.308] [CoACD] [info] Processing [100.0%]
[2026-09-16 10:01:32.308] [CoACD] [info] iter 5 ---- waiting pool: 8
[2026-09-16 10:01:32.308] [CoACD] [info] Processing [0.0%]
[2026-09-16 10:01:32.308] [CoACD] [info] Processing [87.5%]
[2026-09-16 10:01:32.308] [CoACD] [info] Processing [50.0%]
[2026-09-16 10:01:32.308] [CoACD] [info] Processing [75.0%]
[2026-09-16 10:01:32.308] [CoACD] [info] Processing [62.5%]
[2026-09-16 10:01:32.308] [CoACD] [info] Processing [37.5%]
[2026-09-16 10:01:32.308] [CoACD] [info] Processing [25.0%]
[2026-09-16 10:01:32.308] [CoACD] [info] Processing [12.5%]
[2026-09-16 10:01:33.627] [CoACD] [info] Processing [100.0%]
[2026-09-16 10:01:33.627] [CoACD] [info] iter 6 ---- waiting pool: 8
[2026-09-16 10:01:33.630] [CoACD] [info] Processing [0.0%]
[2026-09-16 10:01:33.630] [CoACD] [info] Processing [87.5%]
[2026-09-16 10:01:33.630] [CoACD] [info] Processing [75.0%]
[2026-09-16 10:01:33.630] [CoACD] [info] Processing [62.5%]
[2026-09-16 10:01:33.630] [CoACD] [info] Processing [37.5%]
[2026-09-16 10:01:33.630] [CoACD] [info] Processing [25.0%]
[2026-09-16 10:01:33.630] [CoACD] [info] Processing [50.0%]
[2026-09-16 10:01:33.630] [CoACD] [info] Processing [12.5%]
[2026-09-16 10:01:33.955] [CoACD] [info] Processing [100.0%]
[2026-09-16 10:01:33.955] [CoACD] [info] iter 7 ---- waiting pool: 4
[2026-09-16 10:01:33.955] [CoACD] [info] Processing [0.0%]
[2026-09-16 10:01:33.955] [CoACD] [info] Processing [75.0%]
[2026-09-16 10:01:33.955] [CoACD] [info] Processing [50.0%]
[2026-09-16 10:01:33.955] [CoACD] [info] Processing [25.0%]
[2026-09-16 10:01:33.959] [CoACD] [info] Processing [100.0%]
[2026-09-16 10:01:33.959] [CoACD] [info]  - Merge Convex Hulls
[2026-09-16 10:01:34.471] [CoACD] [info] Compute Time: 27.086171453993302s
[2026-09-16 10:01:34.471] [CoACD] [info] # Convex Hulls: 19
chaleira escala 0.2077 extensao m [0.2073 0.165  0.205 ] pecas de colisao 19
[2026-09-16 10:01:34.793] [CoACD] [info] threshold               0.05
[2026-09-16 10:01:34.793] [CoACD] [info] max # convex hull       24
[2026-09-16 10:01:34.793] [CoACD] [info] preprocess mode         auto
[2026-09-16 10:01:34.793] [CoACD] [info] preprocess resolution   50
[2026-09-16 10:01:34.793] [CoACD] [info] pca                     false
[2026-09-16 10:01:34.793] [CoACD] [info] mcts max depth          3
[2026-09-16 10:01:34.793] [CoACD] [info] mcts nodes              20
[2026-09-16 10:01:34.793] [CoACD] [info] mcts iterations         150
[2026-09-16 10:01:34.793] [CoACD] [info] merge                   true
[2026-09-16 10:01:34.793] [CoACD] [info] decimate                false
[2026-09-16 10:01:34.793] [CoACD] [info] max_ch_vertex           256
[2026-09-16 10:01:34.793] [CoACD] [info] extrude                 false
[2026-09-16 10:01:34.793] [CoACD] [info] extrude margin          0.01
[2026-09-16 10:01:34.793] [CoACD] [info] approximate mode        ch
[2026-09-16 10:01:34.793] [CoACD] [info] seed                    0
[2026-09-16 10:01:34.793] [CoACD] [info]  - Manifold Check
[2026-09-16 10:01:34.802] [CoACD] [info] 	Unclosed mesh
[2026-09-16 10:01:34.802] [CoACD] [info] Manifold Check Time: 0.009453s
[2026-09-16 10:01:34.804] [CoACD] [info] Mesh Manifoldness: false
[2026-09-16 10:01:34.804] [CoACD] [info]  - Preprocess
[2026-09-16 10:01:34.804] [CoACD] [info] Preprocess resolution: 50
[2026-09-16 10:01:34.839] [CoACD] [info] Preprocess Time: 0.561718s
[2026-09-16 10:01:34.840] [CoACD] [info] # Points: 42004
[2026-09-16 10:01:34.840] [CoACD] [info] # Triangles: 84012
[2026-09-16 10:01:34.840] [CoACD] [info]  - Decomposition (MCTS)
[2026-09-16 10:01:34.840] [CoACD] [info] iter 0 ---- waiting pool: 1
[2026-09-16 10:01:34.840] [CoACD] [info] Processing [0.0%]
[2026-09-16 10:01:43.189] [CoACD] [info] Processing [100.0%]
[2026-09-16 10:01:43.189] [CoACD] [info] iter 1 ---- waiting pool: 2
[2026-09-16 10:01:43.189] [CoACD] [info] Processing [0.0%]
[2026-09-16 10:01:43.189] [CoACD] [info] Processing [50.0%]
[2026-09-16 10:01:47.704] [CoACD] [info] Processing [100.0%]
[2026-09-16 10:01:47.705] [CoACD] [info] iter 2 ---- waiting pool: 4
[2026-09-16 10:01:47.708] [CoACD] [info] Processing [0.0%]
[2026-09-16 10:01:47.708] [CoACD] [info] Processing [25.0%]
[2026-09-16 10:01:47.708] [CoACD] [info] Processing [75.0%]
[2026-09-16 10:01:47.711] [CoACD] [info] Processing [50.0%]
[2026-09-16 10:01:50.393] [CoACD] [info] Processing [100.0%]
[2026-09-16 10:01:50.394] [CoACD] [info] iter 3 ---- waiting pool: 8
[2026-09-16 10:01:50.395] [CoACD] [info] Processing [0.0%]
[2026-09-16 10:01:50.395] [CoACD] [info] Processing [12.5%]
[2026-09-16 10:01:50.395] [CoACD] [info] Processing [25.0%]
[2026-09-16 10:01:50.395] [CoACD] [info] Processing [87.5%]
[2026-09-16 10:01:50.395] [CoACD] [info] Processing [50.0%]
[2026-09-16 10:01:50.395] [CoACD] [info] Processing [75.0%]
[2026-09-16 10:01:50.395] [CoACD] [info] Processing [37.5%]
[2026-09-16 10:01:50.395] [CoACD] [info] Processing [62.5%]
[2026-09-16 10:01:52.306] [CoACD] [info] Processing [100.0%]
[2026-09-16 10:01:52.306] [CoACD] [info] iter 4 ---- waiting pool: 16
[2026-09-16 10:01:52.306] [CoACD] [info] Processing [0.0%]
[2026-09-16 10:01:52.306] [CoACD] [info] Processing [12.5%]
[2026-09-16 10:01:52.306] [CoACD] [info] Processing [25.0%]
[2026-09-16 10:01:52.306] [CoACD] [info] Processing [37.5%]
[2026-09-16 10:01:52.306] [CoACD] [info] Processing [50.0%]
[2026-09-16 10:01:52.306] [CoACD] [info] Processing [62.5%]
[2026-09-16 10:01:52.306] [CoACD] [info] Processing [87.5%]
[2026-09-16 10:01:52.306] [CoACD] [info] Processing [75.0%]
[2026-09-16 10:01:53.809] [CoACD] [info] Processing [100.0%]
[2026-09-16 10:01:53.810] [CoACD] [info] iter 5 ---- waiting pool: 28
[2026-09-16 10:01:53.813] [CoACD] [info] Processing [0.0%]
[2026-09-16 10:01:53.813] [CoACD] [info] Processing [96.4%]
[2026-09-16 10:01:53.813] [CoACD] [info] Processing [85.7%]
[2026-09-16 10:01:53.813] [CoACD] [info] Processing [64.3%]
[2026-09-16 10:01:53.813] [CoACD] [info] Processing [75.0%]
[2026-09-16 10:01:53.813] [CoACD] [info] Processing [42.9%]
[2026-09-16 10:01:53.815] [CoACD] [info] Processing [21.4%]
[2026-09-16 10:01:54.539] [CoACD] [info] Processing [53.6%]
[2026-09-16 10:01:54.618] [CoACD] [info] Processing [10.7%]
[2026-09-16 10:01:54.637] [CoACD] [info] Processing [32.1%]
[2026-09-16 10:01:55.496] [CoACD] [info] Processing [100.0%]
[2026-09-16 10:01:55.496] [CoACD] [info] iter 6 ---- waiting pool: 34
[2026-09-16 10:01:55.496] [CoACD] [info] Processing [0.0%]
[2026-09-16 10:01:55.496] [CoACD] [info] Processing [23.5%]
[2026-09-16 10:01:55.496] [CoACD] [info] Processing [47.1%]
[2026-09-16 10:01:55.496] [CoACD] [info] Processing [11.8%]
[2026-09-16 10:01:55.496] [CoACD] [info] Processing [35.3%]
[2026-09-16 10:01:55.496] [CoACD] [info] Processing [82.4%]
[2026-09-16 10:01:55.496] [CoACD] [info] Processing [94.1%]
[2026-09-16 10:01:55.496] [CoACD] [info] Processing [70.6%]
[2026-09-16 10:01:55.496] [CoACD] [info] Processing [58.8%]
[2026-09-16 10:01:57.030] [CoACD] [info] Processing [100.0%]
[2026-09-16 10:01:57.030] [CoACD] [info] iter 7 ---- waiting pool: 38
[2026-09-16 10:01:57.033] [CoACD] [info] Processing [0.0%]
[2026-09-16 10:01:57.033] [CoACD] [info] Processing [10.5%]
[2026-09-16 10:01:57.033] [CoACD] [info] Processing [73.7%]
[2026-09-16 10:01:57.033] [CoACD] [info] Processing [84.2%]
[2026-09-16 10:01:57.033] [CoACD] [info] Processing [21.1%]
[2026-09-16 10:01:57.033] [CoACD] [info] Processing [52.6%]
[2026-09-16 10:01:57.033] [CoACD] [info] Processing [42.1%]
[2026-09-16 10:01:57.033] [CoACD] [info] Processing [63.2%]
[2026-09-16 10:01:57.033] [CoACD] [info] Processing [31.6%]
[2026-09-16 10:01:57.033] [CoACD] [info] Processing [94.7%]
[2026-09-16 10:01:57.840] [CoACD] [info] Processing [100.0%]
[2026-09-16 10:01:57.840] [CoACD] [info] iter 8 ---- waiting pool: 14
[2026-09-16 10:01:57.840] [CoACD] [info] Processing [0.0%]
[2026-09-16 10:01:57.840] [CoACD] [info] Processing [28.6%]
[2026-09-16 10:01:57.840] [CoACD] [info] Processing [85.7%]
[2026-09-16 10:01:57.840] [CoACD] [info] Processing [42.9%]
[2026-09-16 10:01:57.840] [CoACD] [info] Processing [57.1%]
[2026-09-16 10:01:57.840] [CoACD] [info] Processing [14.3%]
[2026-09-16 10:01:57.840] [CoACD] [info] Processing [71.4%]
[2026-09-16 10:01:58.150] [CoACD] [info] Processing [100.0%]
[2026-09-16 10:01:58.150] [CoACD] [info] iter 9 ---- waiting pool: 8
[2026-09-16 10:01:58.150] [CoACD] [info] Processing [0.0%]
[2026-09-16 10:01:58.150] [CoACD] [info] Processing [87.5%]
[2026-09-16 10:01:58.150] [CoACD] [info] Processing [75.0%]
[2026-09-16 10:01:58.150] [CoACD] [info] Processing [25.0%]
[2026-09-16 10:01:58.150] [CoACD] [info] Processing [50.0%]
[2026-09-16 10:01:58.150] [CoACD] [info] Processing [62.5%]
[2026-09-16 10:01:58.150] [CoACD] [info] Processing [12.5%]
[2026-09-16 10:01:58.150] [CoACD] [info] Processing [37.5%]
[2026-09-16 10:01:58.157] [CoACD] [info] Processing [100.0%]
[2026-09-16 10:01:58.157] [CoACD] [info]  - Merge Convex Hulls
[2026-09-16 10:02:01.101] [CoACD] [warning] Max concavity 0.10760907395704612 exceeds the threshold 0.05 due to 24 convex hull limitation
[2026-09-16 10:02:01.101] [CoACD] [info] Compute Time: 26.261120813025627s
[2026-09-16 10:02:01.101] [CoACD] [info] # Convex Hulls: 24
pote escala 0.1572 extensao m [0.157  0.1268 0.075 ] pecas de colisao 24
[2026-09-16 10:02:01.386] [CoACD] [info] threshold               0.05
[2026-09-16 10:02:01.386] [CoACD] [info] max # convex hull       8
[2026-09-16 10:02:01.386] [CoACD] [info] preprocess mode         auto
[2026-09-16 10:02:01.386] [CoACD] [info] preprocess resolution   50
[2026-09-16 10:02:01.386] [CoACD] [info] pca                     false
[2026-09-16 10:02:01.386] [CoACD] [info] mcts max depth          3
[2026-09-16 10:02:01.386] [CoACD] [info] mcts nodes              20
[2026-09-16 10:02:01.386] [CoACD] [info] mcts iterations         150
[2026-09-16 10:02:01.386] [CoACD] [info] merge                   true
[2026-09-16 10:02:01.386] [CoACD] [info] decimate                false
[2026-09-16 10:02:01.386] [CoACD] [info] max_ch_vertex           256
[2026-09-16 10:02:01.386] [CoACD] [info] extrude                 false
[2026-09-16 10:02:01.386] [CoACD] [info] extrude margin          0.01
[2026-09-16 10:02:01.386] [CoACD] [info] approximate mode        ch
[2026-09-16 10:02:01.386] [CoACD] [info] seed                    0
[2026-09-16 10:02:01.386] [CoACD] [info]  - Manifold Check
[2026-09-16 10:02:01.399] [CoACD] [info] 	Unclosed mesh
[2026-09-16 10:02:01.399] [CoACD] [info] Manifold Check Time: 0.012906s
[2026-09-16 10:02:01.401] [CoACD] [info] Mesh Manifoldness: false
[2026-09-16 10:02:01.401] [CoACD] [info]  - Preprocess
[2026-09-16 10:02:01.401] [CoACD] [info] Preprocess resolution: 50
[2026-09-16 10:02:01.435] [CoACD] [info] Preprocess Time: 0.555531s
[2026-09-16 10:02:01.436] [CoACD] [info] # Points: 44860
[2026-09-16 10:02:01.436] [CoACD] [info] # Triangles: 89744
[2026-09-16 10:02:01.436] [CoACD] [info]  - Decomposition (MCTS)
[2026-09-16 10:02:01.436] [CoACD] [info] iter 0 ---- waiting pool: 1
[2026-09-16 10:02:01.436] [CoACD] [info] Processing [0.0%]
[2026-09-16 10:02:07.518] [CoACD] [info] Processing [100.0%]
[2026-09-16 10:02:07.518] [CoACD] [info] iter 1 ---- waiting pool: 2
[2026-09-16 10:02:07.518] [CoACD] [info] Processing [0.0%]
[2026-09-16 10:02:07.518] [CoACD] [info] Processing [50.0%]
[2026-09-16 10:02:11.010] [CoACD] [info] Processing [100.0%]
[2026-09-16 10:02:11.010] [CoACD] [info] iter 2 ---- waiting pool: 4
[2026-09-16 10:02:11.010] [CoACD] [info] Processing [0.0%]
[2026-09-16 10:02:11.010] [CoACD] [info] Processing [25.0%]
[2026-09-16 10:02:11.010] [CoACD] [info] Processing [75.0%]
[2026-09-16 10:02:11.010] [CoACD] [info] Processing [50.0%]
[2026-09-16 10:02:13.367] [CoACD] [info] Processing [100.0%]
[2026-09-16 10:02:13.367] [CoACD] [info] iter 3 ---- waiting pool: 8
[2026-09-16 10:02:13.367] [CoACD] [info] Processing [12.5%]
[2026-09-16 10:02:13.367] [CoACD] [info] Processing [0.0%]
[2026-09-16 10:02:13.367] [CoACD] [info] Processing [87.5%]
[2026-09-16 10:02:13.367] [CoACD] [info] Processing [25.0%]
[2026-09-16 10:02:13.367] [CoACD] [info] Processing [50.0%]
[2026-09-16 10:02:13.367] [CoACD] [info] Processing [62.5%]
[2026-09-16 10:02:13.367] [CoACD] [info] Processing [75.0%]
[2026-09-16 10:02:13.367] [CoACD] [info] Processing [37.5%]
[2026-09-16 10:02:15.123] [CoACD] [info] Processing [100.0%]
[2026-09-16 10:02:15.123] [CoACD] [info] iter 4 ---- waiting pool: 16
[2026-09-16 10:02:15.123] [CoACD] [info] Processing [0.0%]
[2026-09-16 10:02:15.123] [CoACD] [info] Processing [50.0%]
[2026-09-16 10:02:15.123] [CoACD] [info] Processing [87.5%]
[2026-09-16 10:02:15.123] [CoACD] [info] Processing [25.0%]
[2026-09-16 10:02:15.123] [CoACD] [info] Processing [62.5%]
[2026-09-16 10:02:15.123] [CoACD] [info] Processing [12.5%]
[2026-09-16 10:02:15.123] [CoACD] [info] Processing [75.0%]
[2026-09-16 10:02:15.123] [CoACD] [info] Processing [37.5%]
[2026-09-16 10:02:16.346] [CoACD] [info] Processing [100.0%]
[2026-09-16 10:02:16.346] [CoACD] [info] iter 5 ---- waiting pool: 26
[2026-09-16 10:02:16.346] [CoACD] [info] Processing [0.0%]
[2026-09-16 10:02:16.346] [CoACD] [info] Processing [92.3%]
[2026-09-16 10:02:16.346] [CoACD] [info] Processing [23.1%]
[2026-09-16 10:02:16.346] [CoACD] [info] Processing [69.2%]
[2026-09-16 10:02:16.346] [CoACD] [info] Processing [57.7%]
[2026-09-16 10:02:16.346] [CoACD] [info] Processing [46.2%]
[2026-09-16 10:02:16.346] [CoACD] [info] Processing [80.8%]
[2026-09-16 10:02:16.786] [CoACD] [info] Processing [34.6%]
[2026-09-16 10:02:17.024] [CoACD] [info] Processing [11.5%]
[2026-09-16 10:02:18.148] [CoACD] [info] Processing [100.0%]
[2026-09-16 10:02:18.148] [CoACD] [info] iter 6 ---- waiting pool: 46
[2026-09-16 10:02:18.148] [CoACD] [info] Processing [0.0%]
[2026-09-16 10:02:18.148] [CoACD] [info] Processing [43.5%]
[2026-09-16 10:02:18.148] [CoACD] [info] Processing [32.6%]
[2026-09-16 10:02:18.148] [CoACD] [info] Processing [65.2%]
[2026-09-16 10:02:18.148] [CoACD] [info] Processing [87.0%]
[2026-09-16 10:02:18.157] [CoACD] [info] Processing [10.9%]
[2026-09-16 10:02:18.158] [CoACD] [info] Processing [97.8%]
[2026-09-16 10:02:18.264] [CoACD] [info] Processing [21.7%]
[2026-09-16 10:02:18.540] [CoACD] [info] Processing [54.3%]
[2026-09-16 10:02:18.627] [CoACD] [info] Processing [76.1%]
[2026-09-16 10:02:19.920] [CoACD] [info] Processing [100.0%]
[2026-09-16 10:02:19.920] [CoACD] [info] iter 7 ---- waiting pool: 42
[2026-09-16 10:02:19.920] [CoACD] [info] Processing [0.0%]
[2026-09-16 10:02:19.920] [CoACD] [info] Processing [47.6%]
[2026-09-16 10:02:19.920] [CoACD] [info] Processing [71.4%]
[2026-09-16 10:02:19.920] [CoACD] [info] Processing [95.2%]
[2026-09-16 10:02:19.920] [CoACD] [info] Processing [23.8%]
[2026-09-16 10:02:19.926] [CoACD] [info] Processing [83.3%]
[2026-09-16 10:02:20.359] [CoACD] [info] Processing [11.9%]
[2026-09-16 10:02:20.368] [CoACD] [info] Processing [59.5%]
[2026-09-16 10:02:20.423] [CoACD] [info] Processing [35.7%]
[2026-09-16 10:02:21.654] [CoACD] [info] Processing [100.0%]
[2026-09-16 10:02:21.654] [CoACD] [info] iter 8 ---- waiting pool: 42
[2026-09-16 10:02:21.654] [CoACD] [info] Processing [0.0%]
[2026-09-16 10:02:21.654] [CoACD] [info] Processing [95.2%]
[2026-09-16 10:02:21.654] [CoACD] [info] Processing [47.6%]
[2026-09-16 10:02:21.654] [CoACD] [info] Processing [23.8%]
[2026-09-16 10:02:21.654] [CoACD] [info] Processing [71.4%]
[2026-09-16 10:02:21.661] [CoACD] [info] Processing [83.3%]
[2026-09-16 10:02:21.671] [CoACD] [info] Processing [11.9%]
[2026-09-16 10:02:21.926] [CoACD] [info] Processing [35.7%]
[2026-09-16 10:02:21.955] [CoACD] [info] Processing [59.5%]
[2026-09-16 10:02:22.591] [CoACD] [info] Processing [100.0%]
[2026-09-16 10:02:22.591] [CoACD] [info] iter 9 ---- waiting pool: 28
[2026-09-16 10:02:22.591] [CoACD] [info] Processing [0.0%]
[2026-09-16 10:02:22.591] [CoACD] [info] Processing [21.4%]
[2026-09-16 10:02:22.591] [CoACD] [info] Processing [96.4%]
[2026-09-16 10:02:22.591] [CoACD] [info] Processing [42.9%]
[2026-09-16 10:02:22.591] [CoACD] [info] Processing [64.3%]
[2026-09-16 10:02:22.591] [CoACD] [info] Processing [75.0%]
[2026-09-16 10:02:22.591] [CoACD] [info] Processing [85.7%]
[2026-09-16 10:02:22.598] [CoACD] [info] Processing [10.7%]
[2026-09-16 10:02:22.604] [CoACD] [info] Processing [53.6%]
[2026-09-16 10:02:22.605] [CoACD] [info] Processing [32.1%]
[2026-09-16 10:02:22.848] [CoACD] [info] Processing [100.0%]
[2026-09-16 10:02:22.848] [CoACD] [info] iter 10 ---- waiting pool: 4
[2026-09-16 10:02:22.851] [CoACD] [info] Processing [50.0%]
[2026-09-16 10:02:22.851] [CoACD] [info] Processing [75.0%]
[2026-09-16 10:02:22.851] [CoACD] [info] Processing [25.0%]
[2026-09-16 10:02:22.854] [CoACD] [info] Processing [0.0%]
[2026-09-16 10:02:22.856] [CoACD] [info] Processing [100.0%]
[2026-09-16 10:02:22.856] [CoACD] [info]  - Merge Convex Hulls
[2026-09-16 10:02:29.533] [CoACD] [warning] Max concavity 0.25389692970790223 exceeds the threshold 0.05 due to 8 convex hull limitation
[2026-09-16 10:02:29.533] [CoACD] [info] Compute Time: 28.09710132901091s
[2026-09-16 10:02:29.533] [CoACD] [info] # Convex Hulls: 8
tampa escala 0.1252 extensao m [0.125  0.1251 0.0576] pecas de colisao 8
