[2026-09-16 09:24:40.190] [CoACD] [info] threshold               0.05
[2026-09-16 09:24:40.190] [CoACD] [info] max # convex hull       32
[2026-09-16 09:24:40.190] [CoACD] [info] preprocess mode         auto
[2026-09-16 09:24:40.190] [CoACD] [info] preprocess resolution   50
[2026-09-16 09:24:40.190] [CoACD] [info] pca                     false
[2026-09-16 09:24:40.190] [CoACD] [info] mcts max depth          3
[2026-09-16 09:24:40.190] [CoACD] [info] mcts nodes              20
[2026-09-16 09:24:40.190] [CoACD] [info] mcts iterations         150
[2026-09-16 09:24:40.190] [CoACD] [info] merge                   true
[2026-09-16 09:24:40.190] [CoACD] [info] decimate                false
[2026-09-16 09:24:40.190] [CoACD] [info] max_ch_vertex           256
[2026-09-16 09:24:40.190] [CoACD] [info] extrude                 false
[2026-09-16 09:24:40.190] [CoACD] [info] extrude margin          0.01
[2026-09-16 09:24:40.190] [CoACD] [info] approximate mode        ch
[2026-09-16 09:24:40.190] [CoACD] [info] seed                    0
[2026-09-16 09:24:40.190] [CoACD] [info]  - Manifold Check
[2026-09-16 09:24:40.199] [CoACD] [info] 	Unclosed mesh
[2026-09-16 09:24:40.199] [CoACD] [info] Manifold Check Time: 0.008366s
[2026-09-16 09:24:40.200] [CoACD] [info] Mesh Manifoldness: false
[2026-09-16 09:24:40.200] [CoACD] [info]  - Preprocess
[2026-09-16 09:24:40.200] [CoACD] [info] Preprocess resolution: 50
[2026-09-16 09:24:40.240] [CoACD] [info] Preprocess Time: 0.614689s
[2026-09-16 09:24:40.241] [CoACD] [info] # Points: 43092
[2026-09-16 09:24:40.241] [CoACD] [info] # Triangles: 86184
[2026-09-16 09:24:40.241] [CoACD] [info]  - Decomposition (MCTS)
[2026-09-16 09:24:40.241] [CoACD] [info] iter 0 ---- waiting pool: 1
[2026-09-16 09:24:40.242] [CoACD] [info] Processing [0.0%]
[2026-09-16 09:24:46.993] [CoACD] [info] Processing [100.0%]
[2026-09-16 09:24:46.993] [CoACD] [info] iter 1 ---- waiting pool: 2
[2026-09-16 09:24:46.993] [CoACD] [info] Processing [0.0%]
[2026-09-16 09:24:46.993] [CoACD] [info] Processing [50.0%]
[2026-09-16 09:24:53.080] [CoACD] [info] Processing [100.0%]
[2026-09-16 09:24:53.080] [CoACD] [info] iter 2 ---- waiting pool: 4
[2026-09-16 09:24:53.080] [CoACD] [info] Processing [0.0%]
[2026-09-16 09:24:53.080] [CoACD] [info] Processing [25.0%]
[2026-09-16 09:24:53.081] [CoACD] [info] Processing [75.0%]
[2026-09-16 09:24:53.081] [CoACD] [info] Processing [50.0%]
[2026-09-16 09:24:58.416] [CoACD] [info] Processing [100.0%]
[2026-09-16 09:24:58.416] [CoACD] [info] iter 3 ---- waiting pool: 8
[2026-09-16 09:24:58.416] [CoACD] [info] Processing [0.0%]
[2026-09-16 09:24:58.416] [CoACD] [info] Processing [37.5%]
[2026-09-16 09:24:58.416] [CoACD] [info] Processing [12.5%]
[2026-09-16 09:24:58.416] [CoACD] [info] Processing [25.0%]
[2026-09-16 09:24:58.417] [CoACD] [info] Processing [87.5%]
[2026-09-16 09:24:58.417] [CoACD] [info] Processing [62.5%]
[2026-09-16 09:24:58.417] [CoACD] [info] Processing [50.0%]
[2026-09-16 09:24:58.417] [CoACD] [info] Processing [75.0%]
[2026-09-16 09:25:03.043] [CoACD] [info] Processing [100.0%]
[2026-09-16 09:25:03.043] [CoACD] [info] iter 4 ---- waiting pool: 10
[2026-09-16 09:25:03.043] [CoACD] [info] Processing [0.0%]
[2026-09-16 09:25:03.043] [CoACD] [info] Processing [20.0%]
[2026-09-16 09:25:03.043] [CoACD] [info] Processing [60.0%]
[2026-09-16 09:25:03.043] [CoACD] [info] Processing [80.0%]
[2026-09-16 09:25:03.043] [CoACD] [info] Processing [40.0%]
[2026-09-16 09:25:04.809] [CoACD] [info] Processing [100.0%]
[2026-09-16 09:25:04.809] [CoACD] [info] iter 5 ---- waiting pool: 8
[2026-09-16 09:25:04.809] [CoACD] [info] Processing [0.0%]
[2026-09-16 09:25:04.809] [CoACD] [info] Processing [87.5%]
[2026-09-16 09:25:04.809] [CoACD] [info] Processing [25.0%]
[2026-09-16 09:25:04.809] [CoACD] [info] Processing [37.5%]
[2026-09-16 09:25:04.809] [CoACD] [info] Processing [62.5%]
[2026-09-16 09:25:04.809] [CoACD] [info] Processing [50.0%]
[2026-09-16 09:25:04.809] [CoACD] [info] Processing [12.5%]
[2026-09-16 09:25:04.809] [CoACD] [info] Processing [75.0%]
[2026-09-16 09:25:06.116] [CoACD] [info] Processing [100.0%]
[2026-09-16 09:25:06.116] [CoACD] [info] iter 6 ---- waiting pool: 8
[2026-09-16 09:25:06.119] [CoACD] [info] Processing [0.0%]
[2026-09-16 09:25:06.119] [CoACD] [info] Processing [87.5%]
[2026-09-16 09:25:06.119] [CoACD] [info] Processing [25.0%]
[2026-09-16 09:25:06.119] [CoACD] [info] Processing [12.5%]
[2026-09-16 09:25:06.119] [CoACD] [info] Processing [75.0%]
[2026-09-16 09:25:06.119] [CoACD] [info] Processing [37.5%]
[2026-09-16 09:25:06.119] [CoACD] [info] Processing [62.5%]
[2026-09-16 09:25:06.119] [CoACD] [info] Processing [50.0%]
[2026-09-16 09:25:06.439] [CoACD] [info] Processing [100.0%]
[2026-09-16 09:25:06.439] [CoACD] [info] iter 7 ---- waiting pool: 4
[2026-09-16 09:25:06.442] [CoACD] [info] Processing [0.0%]
[2026-09-16 09:25:06.442] [CoACD] [info] Processing [50.0%]
[2026-09-16 09:25:06.442] [CoACD] [info] Processing [25.0%]
[2026-09-16 09:25:06.442] [CoACD] [info] Processing [75.0%]
[2026-09-16 09:25:06.448] [CoACD] [info] Processing [100.0%]
[2026-09-16 09:25:06.448] [CoACD] [info]  - Merge Convex Hulls
[2026-09-16 09:25:06.913] [CoACD] [info] Compute Time: 26.67242416497902s
[2026-09-16 09:25:06.913] [CoACD] [info] # Convex Hulls: 19
chaleira escala 0.2229 extensao m [0.2225 0.1771 0.22  ] pecas de colisao 19
[2026-09-16 09:25:07.199] [CoACD] [info] threshold               0.05
[2026-09-16 09:25:07.199] [CoACD] [info] max # convex hull       8
[2026-09-16 09:25:07.199] [CoACD] [info] preprocess mode         auto
[2026-09-16 09:25:07.199] [CoACD] [info] preprocess resolution   50
[2026-09-16 09:25:07.199] [CoACD] [info] pca                     false
[2026-09-16 09:25:07.199] [CoACD] [info] mcts max depth          3
[2026-09-16 09:25:07.199] [CoACD] [info] mcts nodes              20
[2026-09-16 09:25:07.199] [CoACD] [info] mcts iterations         150
[2026-09-16 09:25:07.199] [CoACD] [info] merge                   true
[2026-09-16 09:25:07.199] [CoACD] [info] decimate                false
[2026-09-16 09:25:07.199] [CoACD] [info] max_ch_vertex           256
[2026-09-16 09:25:07.199] [CoACD] [info] extrude                 false
[2026-09-16 09:25:07.199] [CoACD] [info] extrude margin          0.01
[2026-09-16 09:25:07.199] [CoACD] [info] approximate mode        ch
[2026-09-16 09:25:07.199] [CoACD] [info] seed                    0
[2026-09-16 09:25:07.199] [CoACD] [info]  - Manifold Check
[2026-09-16 09:25:07.212] [CoACD] [info] 	Unclosed mesh
[2026-09-16 09:25:07.212] [CoACD] [info] Manifold Check Time: 0.012723s
[2026-09-16 09:25:07.214] [CoACD] [info] Mesh Manifoldness: false
[2026-09-16 09:25:07.214] [CoACD] [info]  - Preprocess
[2026-09-16 09:25:07.214] [CoACD] [info] Preprocess resolution: 50
[2026-09-16 09:25:07.244] [CoACD] [info] Preprocess Time: 0.529995s
[2026-09-16 09:25:07.244] [CoACD] [info] # Points: 44860
[2026-09-16 09:25:07.244] [CoACD] [info] # Triangles: 89744
[2026-09-16 09:25:07.244] [CoACD] [info]  - Decomposition (MCTS)
[2026-09-16 09:25:07.244] [CoACD] [info] iter 0 ---- waiting pool: 1
[2026-09-16 09:25:07.244] [CoACD] [info] Processing [0.0%]
[2026-09-16 09:25:13.158] [CoACD] [info] Processing [100.0%]
[2026-09-16 09:25:13.159] [CoACD] [info] iter 1 ---- waiting pool: 2
[2026-09-16 09:25:13.159] [CoACD] [info] Processing [0.0%]
[2026-09-16 09:25:13.159] [CoACD] [info] Processing [50.0%]
[2026-09-16 09:25:16.571] [CoACD] [info] Processing [100.0%]
[2026-09-16 09:25:16.571] [CoACD] [info] iter 2 ---- waiting pool: 4
[2026-09-16 09:25:16.571] [CoACD] [info] Processing [0.0%]
[2026-09-16 09:25:16.571] [CoACD] [info] Processing [25.0%]
[2026-09-16 09:25:16.571] [CoACD] [info] Processing [50.0%]
[2026-09-16 09:25:16.571] [CoACD] [info] Processing [75.0%]
[2026-09-16 09:25:18.735] [CoACD] [info] Processing [100.0%]
[2026-09-16 09:25:18.735] [CoACD] [info] iter 3 ---- waiting pool: 8
[2026-09-16 09:25:18.735] [CoACD] [info] Processing [0.0%]
[2026-09-16 09:25:18.735] [CoACD] [info] Processing [62.5%]
[2026-09-16 09:25:18.735] [CoACD] [info] Processing [12.5%]
[2026-09-16 09:25:18.735] [CoACD] [info] Processing [37.5%]
[2026-09-16 09:25:18.735] [CoACD] [info] Processing [75.0%]
[2026-09-16 09:25:18.735] [CoACD] [info] Processing [50.0%]
[2026-09-16 09:25:18.735] [CoACD] [info] Processing [25.0%]
[2026-09-16 09:25:18.735] [CoACD] [info] Processing [87.5%]
[2026-09-16 09:25:20.364] [CoACD] [info] Processing [100.0%]
[2026-09-16 09:25:20.364] [CoACD] [info] iter 4 ---- waiting pool: 16
[2026-09-16 09:25:20.364] [CoACD] [info] Processing [0.0%]
[2026-09-16 09:25:20.364] [CoACD] [info] Processing [37.5%]
[2026-09-16 09:25:20.364] [CoACD] [info] Processing [25.0%]
[2026-09-16 09:25:20.364] [CoACD] [info] Processing [62.5%]
[2026-09-16 09:25:20.364] [CoACD] [info] Processing [87.5%]
[2026-09-16 09:25:20.364] [CoACD] [info] Processing [50.0%]
[2026-09-16 09:25:20.364] [CoACD] [info] Processing [12.5%]
[2026-09-16 09:25:20.364] [CoACD] [info] Processing [75.0%]
[2026-09-16 09:25:21.602] [CoACD] [info] Processing [100.0%]
[2026-09-16 09:25:21.602] [CoACD] [info] iter 5 ---- waiting pool: 26
[2026-09-16 09:25:21.602] [CoACD] [info] Processing [0.0%]
[2026-09-16 09:25:21.602] [CoACD] [info] Processing [46.2%]
[2026-09-16 09:25:21.602] [CoACD] [info] Processing [23.1%]
[2026-09-16 09:25:21.602] [CoACD] [info] Processing [80.8%]
[2026-09-16 09:25:21.602] [CoACD] [info] Processing [69.2%]
[2026-09-16 09:25:21.602] [CoACD] [info] Processing [57.7%]
[2026-09-16 09:25:21.602] [CoACD] [info] Processing [92.3%]
[2026-09-16 09:25:21.994] [CoACD] [info] Processing [34.6%]
[2026-09-16 09:25:22.343] [CoACD] [info] Processing [11.5%]
[2026-09-16 09:25:23.554] [CoACD] [info] Processing [100.0%]
[2026-09-16 09:25:23.554] [CoACD] [info] iter 6 ---- waiting pool: 46
[2026-09-16 09:25:23.554] [CoACD] [info] Processing [0.0%]
[2026-09-16 09:25:23.554] [CoACD] [info] Processing [43.5%]
[2026-09-16 09:25:23.554] [CoACD] [info] Processing [65.2%]
[2026-09-16 09:25:23.554] [CoACD] [info] Processing [32.6%]
[2026-09-16 09:25:23.554] [CoACD] [info] Processing [87.0%]
[2026-09-16 09:25:23.560] [CoACD] [info] Processing [97.8%]
[2026-09-16 09:25:23.565] [CoACD] [info] Processing [10.9%]
[2026-09-16 09:25:23.667] [CoACD] [info] Processing [21.7%]
[2026-09-16 09:25:23.937] [CoACD] [info] Processing [54.3%]
[2026-09-16 09:25:24.047] [CoACD] [info] Processing [76.1%]
[2026-09-16 09:25:25.052] [CoACD] [info] Processing [100.0%]
[2026-09-16 09:25:25.053] [CoACD] [info] iter 7 ---- waiting pool: 42
[2026-09-16 09:25:25.053] [CoACD] [info] Processing [0.0%]
[2026-09-16 09:25:25.053] [CoACD] [info] Processing [23.8%]
[2026-09-16 09:25:25.053] [CoACD] [info] Processing [95.2%]
[2026-09-16 09:25:25.053] [CoACD] [info] Processing [71.4%]
[2026-09-16 09:25:25.053] [CoACD] [info] Processing [47.6%]
[2026-09-16 09:25:25.059] [CoACD] [info] Processing [83.3%]
[2026-09-16 09:25:25.444] [CoACD] [info] Processing [59.5%]
[2026-09-16 09:25:25.532] [CoACD] [info] Processing [11.9%]
[2026-09-16 09:25:25.598] [CoACD] [info] Processing [35.7%]
[2026-09-16 09:25:26.664] [CoACD] [info] Processing [100.0%]
[2026-09-16 09:25:26.664] [CoACD] [info] iter 8 ---- waiting pool: 42
[2026-09-16 09:25:26.664] [CoACD] [info] Processing [0.0%]
[2026-09-16 09:25:26.664] [CoACD] [info] Processing [71.4%]
[2026-09-16 09:25:26.664] [CoACD] [info] Processing [47.6%]
[2026-09-16 09:25:26.664] [CoACD] [info] Processing [95.2%]
[2026-09-16 09:25:26.664] [CoACD] [info] Processing [23.8%]
[2026-09-16 09:25:26.670] [CoACD] [info] Processing [83.3%]
[2026-09-16 09:25:26.676] [CoACD] [info] Processing [11.9%]
[2026-09-16 09:25:26.941] [CoACD] [info] Processing [35.7%]
[2026-09-16 09:25:26.997] [CoACD] [info] Processing [59.5%]
[2026-09-16 09:25:27.523] [CoACD] [info] Processing [100.0%]
[2026-09-16 09:25:27.523] [CoACD] [info] iter 9 ---- waiting pool: 28
[2026-09-16 09:25:27.523] [CoACD] [info] Processing [0.0%]
[2026-09-16 09:25:27.523] [CoACD] [info] Processing [42.9%]
[2026-09-16 09:25:27.523] [CoACD] [info] Processing [96.4%]
[2026-09-16 09:25:27.523] [CoACD] [info] Processing [21.4%]
[2026-09-16 09:25:27.523] [CoACD] [info] Processing [75.0%]
[2026-09-16 09:25:27.523] [CoACD] [info] Processing [64.3%]
[2026-09-16 09:25:27.523] [CoACD] [info] Processing [85.7%]
[2026-09-16 09:25:27.531] [CoACD] [info] Processing [32.1%]
[2026-09-16 09:25:27.532] [CoACD] [info] Processing [10.7%]
[2026-09-16 09:25:27.534] [CoACD] [info] Processing [53.6%]
[2026-09-16 09:25:27.776] [CoACD] [info] Processing [100.0%]
[2026-09-16 09:25:27.776] [CoACD] [info] iter 10 ---- waiting pool: 4
[2026-09-16 09:25:27.776] [CoACD] [info] Processing [0.0%]
[2026-09-16 09:25:27.776] [CoACD] [info] Processing [75.0%]
[2026-09-16 09:25:27.776] [CoACD] [info] Processing [50.0%]
[2026-09-16 09:25:27.776] [CoACD] [info] Processing [25.0%]
[2026-09-16 09:25:27.780] [CoACD] [info] Processing [100.0%]
[2026-09-16 09:25:27.780] [CoACD] [info]  - Merge Convex Hulls
[2026-09-16 09:25:33.085] [CoACD] [warning] Max concavity 0.25389692970790223 exceeds the threshold 0.05 due to 8 convex hull limitation
[2026-09-16 09:25:33.085] [CoACD] [info] Compute Time: 25.84085410798434s
[2026-09-16 09:25:33.085] [CoACD] [info] # Convex Hulls: 8
tampa escala 0.1202 extensao m [0.12   0.1201 0.0553] pecas de colisao 8
[2026-09-16 09:25:33.358] [CoACD] [info] threshold               0.05
[2026-09-16 09:25:33.358] [CoACD] [info] max # convex hull       32
[2026-09-16 09:25:33.358] [CoACD] [info] preprocess mode         auto
[2026-09-16 09:25:33.358] [CoACD] [info] preprocess resolution   50
[2026-09-16 09:25:33.358] [CoACD] [info] pca                     false
[2026-09-16 09:25:33.358] [CoACD] [info] mcts max depth          3
[2026-09-16 09:25:33.358] [CoACD] [info] mcts nodes              20
[2026-09-16 09:25:33.358] [CoACD] [info] mcts iterations         150
[2026-09-16 09:25:33.358] [CoACD] [info] merge                   true
[2026-09-16 09:25:33.358] [CoACD] [info] decimate                false
[2026-09-16 09:25:33.358] [CoACD] [info] max_ch_vertex           256
[2026-09-16 09:25:33.358] [CoACD] [info] extrude                 false
[2026-09-16 09:25:33.358] [CoACD] [info] extrude margin          0.01
[2026-09-16 09:25:33.358] [CoACD] [info] approximate mode        ch
[2026-09-16 09:25:33.358] [CoACD] [info] seed                    0
[2026-09-16 09:25:33.358] [CoACD] [info]  - Manifold Check
[2026-09-16 09:25:33.363] [CoACD] [info] 	Unclosed mesh
[2026-09-16 09:25:33.364] [CoACD] [info] Manifold Check Time: 0.005793s
[2026-09-16 09:25:33.364] [CoACD] [info] Mesh Manifoldness: false
[2026-09-16 09:25:33.364] [CoACD] [info]  - Preprocess
[2026-09-16 09:25:33.364] [CoACD] [info] Preprocess resolution: 50
[2026-09-16 09:25:33.386] [CoACD] [info] Preprocess Time: 0.352686s
[2026-09-16 09:25:33.386] [CoACD] [info] # Points: 23814
[2026-09-16 09:25:33.386] [CoACD] [info] # Triangles: 47628
[2026-09-16 09:25:33.386] [CoACD] [info]  - Decomposition (MCTS)
[2026-09-16 09:25:33.386] [CoACD] [info] iter 0 ---- waiting pool: 1
[2026-09-16 09:25:33.386] [CoACD] [info] Processing [0.0%]
[2026-09-16 09:25:36.442] [CoACD] [info] Processing [100.0%]
[2026-09-16 09:25:36.442] [CoACD] [info] iter 1 ---- waiting pool: 2
[2026-09-16 09:25:36.442] [CoACD] [info] Processing [0.0%]
[2026-09-16 09:25:36.442] [CoACD] [info] Processing [50.0%]
[2026-09-16 09:25:39.430] [CoACD] [info] Processing [100.0%]
[2026-09-16 09:25:39.431] [CoACD] [info] iter 2 ---- waiting pool: 4
[2026-09-16 09:25:39.431] [CoACD] [info] Processing [0.0%]
[2026-09-16 09:25:39.431] [CoACD] [info] Processing [25.0%]
[2026-09-16 09:25:39.431] [CoACD] [info] Processing [50.0%]
[2026-09-16 09:25:39.431] [CoACD] [info] Processing [75.0%]
[2026-09-16 09:25:41.484] [CoACD] [info] Processing [100.0%]
[2026-09-16 09:25:41.484] [CoACD] [info] iter 3 ---- waiting pool: 6
[2026-09-16 09:25:41.484] [CoACD] [info] Processing [0.0%]
[2026-09-16 09:25:41.484] [CoACD] [info] Processing [83.3%]
[2026-09-16 09:25:41.484] [CoACD] [info] Processing [16.7%]
[2026-09-16 09:25:41.484] [CoACD] [info] Processing [66.7%]
[2026-09-16 09:25:41.484] [CoACD] [info] Processing [33.3%]
[2026-09-16 09:25:41.484] [CoACD] [info] Processing [50.0%]
[2026-09-16 09:25:43.357] [CoACD] [info] Processing [100.0%]
[2026-09-16 09:25:43.357] [CoACD] [info] iter 4 ---- waiting pool: 6
[2026-09-16 09:25:43.357] [CoACD] [info] Processing [0.0%]
[2026-09-16 09:25:43.357] [CoACD] [info] Processing [33.3%]
[2026-09-16 09:25:43.357] [CoACD] [info] Processing [66.7%]
[2026-09-16 09:25:43.357] [CoACD] [info] Processing [83.3%]
[2026-09-16 09:25:43.357] [CoACD] [info] Processing [50.0%]
[2026-09-16 09:25:43.357] [CoACD] [info] Processing [16.7%]
[2026-09-16 09:25:44.525] [CoACD] [info] Processing [100.0%]
[2026-09-16 09:25:44.526] [CoACD] [info] iter 5 ---- waiting pool: 12
[2026-09-16 09:25:44.526] [CoACD] [info] Processing [0.0%]
[2026-09-16 09:25:44.526] [CoACD] [info] Processing [33.3%]
[2026-09-16 09:25:44.526] [CoACD] [info] Processing [66.7%]
[2026-09-16 09:25:44.526] [CoACD] [info] Processing [83.3%]
[2026-09-16 09:25:44.526] [CoACD] [info] Processing [16.7%]
[2026-09-16 09:25:44.526] [CoACD] [info] Processing [50.0%]
[2026-09-16 09:25:45.332] [CoACD] [info] Processing [100.0%]
[2026-09-16 09:25:45.332] [CoACD] [info] iter 6 ---- waiting pool: 24
[2026-09-16 09:25:45.332] [CoACD] [info] Processing [0.0%]
[2026-09-16 09:25:45.332] [CoACD] [info] Processing [50.0%]
[2026-09-16 09:25:45.332] [CoACD] [info] Processing [25.0%]
[2026-09-16 09:25:45.332] [CoACD] [info] Processing [62.5%]
[2026-09-16 09:25:45.332] [CoACD] [info] Processing [87.5%]
[2026-09-16 09:25:45.332] [CoACD] [info] Processing [37.5%]
[2026-09-16 09:25:45.332] [CoACD] [info] Processing [75.0%]
[2026-09-16 09:25:45.337] [CoACD] [info] Processing [12.5%]
[2026-09-16 09:25:46.444] [CoACD] [info] Processing [100.0%]
[2026-09-16 09:25:46.444] [CoACD] [info] iter 7 ---- waiting pool: 26
[2026-09-16 09:25:46.447] [CoACD] [info] Processing [0.0%]
[2026-09-16 09:25:46.447] [CoACD] [info] Processing [80.8%]
[2026-09-16 09:25:46.447] [CoACD] [info] Processing [46.2%]
[2026-09-16 09:25:46.447] [CoACD] [info] Processing [92.3%]
[2026-09-16 09:25:46.447] [CoACD] [info] Processing [23.1%]
[2026-09-16 09:25:46.447] [CoACD] [info] Processing [57.7%]
[2026-09-16 09:25:46.447] [CoACD] [info] Processing [69.2%]
[2026-09-16 09:25:46.453] [CoACD] [info] Processing [34.6%]
[2026-09-16 09:25:46.455] [CoACD] [info] Processing [11.5%]
[2026-09-16 09:25:47.099] [CoACD] [info] Processing [100.0%]
[2026-09-16 09:25:47.099] [CoACD] [info] iter 8 ---- waiting pool: 12
[2026-09-16 09:25:47.099] [CoACD] [info] Processing [0.0%]
[2026-09-16 09:25:47.099] [CoACD] [info] Processing [50.0%]
[2026-09-16 09:25:47.099] [CoACD] [info] Processing [83.3%]
[2026-09-16 09:25:47.099] [CoACD] [info] Processing [16.7%]
[2026-09-16 09:25:47.099] [CoACD] [info] Processing [66.7%]
[2026-09-16 09:25:47.099] [CoACD] [info] Processing [33.3%]
[2026-09-16 09:25:47.406] [CoACD] [info] Processing [100.0%]
[2026-09-16 09:25:47.406] [CoACD] [info] iter 9 ---- waiting pool: 4
[2026-09-16 09:25:47.406] [CoACD] [info] Processing [0.0%]
[2026-09-16 09:25:47.406] [CoACD] [info] Processing [75.0%]
[2026-09-16 09:25:47.406] [CoACD] [info] Processing [25.0%]
[2026-09-16 09:25:47.406] [CoACD] [info] Processing [50.0%]
[2026-09-16 09:25:47.410] [CoACD] [info] Processing [100.0%]
[2026-09-16 09:25:47.410] [CoACD] [info]  - Merge Convex Hulls
[2026-09-16 09:25:47.892] [CoACD] [warning] Max concavity 0.058083606272262917 exceeds the threshold 0.05 due to 32 convex hull limitation
[2026-09-16 09:25:47.892] [CoACD] [info] Compute Time: 14.505594082002062s
[2026-09-16 09:25:47.892] [CoACD] [info] # Convex Hulls: 32
coador escala 0.2002 extensao m [0.1098 0.1069 0.2   ] pecas de colisao 32
[2026-09-16 09:25:48.192] [CoACD] [info] threshold               0.05
[2026-09-16 09:25:48.192] [CoACD] [info] max # convex hull       24
[2026-09-16 09:25:48.192] [CoACD] [info] preprocess mode         auto
[2026-09-16 09:25:48.192] [CoACD] [info] preprocess resolution   50
[2026-09-16 09:25:48.192] [CoACD] [info] pca                     false
[2026-09-16 09:25:48.192] [CoACD] [info] mcts max depth          3
[2026-09-16 09:25:48.192] [CoACD] [info] mcts nodes              20
[2026-09-16 09:25:48.192] [CoACD] [info] mcts iterations         150
[2026-09-16 09:25:48.192] [CoACD] [info] merge                   true
[2026-09-16 09:25:48.192] [CoACD] [info] decimate                false
[2026-09-16 09:25:48.192] [CoACD] [info] max_ch_vertex           256
[2026-09-16 09:25:48.192] [CoACD] [info] extrude                 false
[2026-09-16 09:25:48.192] [CoACD] [info] extrude margin          0.01
[2026-09-16 09:25:48.192] [CoACD] [info] approximate mode        ch
[2026-09-16 09:25:48.192] [CoACD] [info] seed                    0
[2026-09-16 09:25:48.193] [CoACD] [info]  - Manifold Check
[2026-09-16 09:25:48.202] [CoACD] [info] 	Unclosed mesh
[2026-09-16 09:25:48.202] [CoACD] [info] Manifold Check Time: 0.00937s
[2026-09-16 09:25:48.203] [CoACD] [info] Mesh Manifoldness: false
[2026-09-16 09:25:48.203] [CoACD] [info]  - Preprocess
[2026-09-16 09:25:48.203] [CoACD] [info] Preprocess resolution: 50
[2026-09-16 09:25:48.233] [CoACD] [info] Preprocess Time: 0.494779s
[2026-09-16 09:25:48.233] [CoACD] [info] # Points: 42004
[2026-09-16 09:25:48.233] [CoACD] [info] # Triangles: 84012
[2026-09-16 09:25:48.233] [CoACD] [info]  - Decomposition (MCTS)
[2026-09-16 09:25:48.233] [CoACD] [info] iter 0 ---- waiting pool: 1
[2026-09-16 09:25:48.233] [CoACD] [info] Processing [0.0%]
[2026-09-16 09:25:56.314] [CoACD] [info] Processing [100.0%]
[2026-09-16 09:25:56.314] [CoACD] [info] iter 1 ---- waiting pool: 2
[2026-09-16 09:25:56.314] [CoACD] [info] Processing [0.0%]
[2026-09-16 09:25:56.314] [CoACD] [info] Processing [50.0%]
[2026-09-16 09:26:00.723] [CoACD] [info] Processing [100.0%]
[2026-09-16 09:26:00.723] [CoACD] [info] iter 2 ---- waiting pool: 4
[2026-09-16 09:26:00.723] [CoACD] [info] Processing [0.0%]
[2026-09-16 09:26:00.723] [CoACD] [info] Processing [25.0%]
[2026-09-16 09:26:00.723] [CoACD] [info] Processing [75.0%]
[2026-09-16 09:26:00.723] [CoACD] [info] Processing [50.0%]
[2026-09-16 09:26:03.422] [CoACD] [info] Processing [100.0%]
[2026-09-16 09:26:03.423] [CoACD] [info] iter 3 ---- waiting pool: 8
[2026-09-16 09:26:03.423] [CoACD] [info] Processing [0.0%]
[2026-09-16 09:26:03.423] [CoACD] [info] Processing [50.0%]
[2026-09-16 09:26:03.423] [CoACD] [info] Processing [37.5%]
[2026-09-16 09:26:03.423] [CoACD] [info] Processing [12.5%]
[2026-09-16 09:26:03.423] [CoACD] [info] Processing [75.0%]
[2026-09-16 09:26:03.423] [CoACD] [info] Processing [62.5%]
[2026-09-16 09:26:03.423] [CoACD] [info] Processing [25.0%]
[2026-09-16 09:26:03.423] [CoACD] [info] Processing [87.5%]
[2026-09-16 09:26:05.396] [CoACD] [info] Processing [100.0%]
[2026-09-16 09:26:05.397] [CoACD] [info] iter 4 ---- waiting pool: 16
[2026-09-16 09:26:05.397] [CoACD] [info] Processing [0.0%]
[2026-09-16 09:26:05.397] [CoACD] [info] Processing [75.0%]
[2026-09-16 09:26:05.397] [CoACD] [info] Processing [25.0%]
[2026-09-16 09:26:05.397] [CoACD] [info] Processing [87.5%]
[2026-09-16 09:26:05.397] [CoACD] [info] Processing [62.5%]
[2026-09-16 09:26:05.397] [CoACD] [info] Processing [37.5%]
[2026-09-16 09:26:05.397] [CoACD] [info] Processing [50.0%]
[2026-09-16 09:26:05.397] [CoACD] [info] Processing [12.5%]
[2026-09-16 09:26:06.860] [CoACD] [info] Processing [100.0%]
[2026-09-16 09:26:06.860] [CoACD] [info] iter 5 ---- waiting pool: 28
[2026-09-16 09:26:06.860] [CoACD] [info] Processing [0.0%]
[2026-09-16 09:26:06.860] [CoACD] [info] Processing [21.4%]
[2026-09-16 09:26:06.860] [CoACD] [info] Processing [96.4%]
[2026-09-16 09:26:06.860] [CoACD] [info] Processing [42.9%]
[2026-09-16 09:26:06.860] [CoACD] [info] Processing [64.3%]
[2026-09-16 09:26:06.860] [CoACD] [info] Processing [75.0%]
[2026-09-16 09:26:06.860] [CoACD] [info] Processing [85.7%]
[2026-09-16 09:26:07.679] [CoACD] [info] Processing [53.6%]
[2026-09-16 09:26:07.766] [CoACD] [info] Processing [10.7%]
[2026-09-16 09:26:07.885] [CoACD] [info] Processing [32.1%]
[2026-09-16 09:26:08.833] [CoACD] [info] Processing [100.0%]
[2026-09-16 09:26:08.833] [CoACD] [info] iter 6 ---- waiting pool: 34
[2026-09-16 09:26:08.834] [CoACD] [info] Processing [0.0%]
[2026-09-16 09:26:08.834] [CoACD] [info] Processing [47.1%]
[2026-09-16 09:26:08.834] [CoACD] [info] Processing [35.3%]
[2026-09-16 09:26:08.834] [CoACD] [info] Processing [11.8%]
[2026-09-16 09:26:08.834] [CoACD] [info] Processing [70.6%]
[2026-09-16 09:26:08.834] [CoACD] [info] Processing [82.4%]
[2026-09-16 09:26:08.834] [CoACD] [info] Processing [94.1%]
[2026-09-16 09:26:08.834] [CoACD] [info] Processing [58.8%]
[2026-09-16 09:26:08.834] [CoACD] [info] Processing [23.5%]
[2026-09-16 09:26:10.528] [CoACD] [info] Processing [100.0%]
[2026-09-16 09:26:10.528] [CoACD] [info] iter 7 ---- waiting pool: 38
[2026-09-16 09:26:10.528] [CoACD] [info] Processing [0.0%]
[2026-09-16 09:26:10.528] [CoACD] [info] Processing [84.2%]
[2026-09-16 09:26:10.528] [CoACD] [info] Processing [94.7%]
[2026-09-16 09:26:10.528] [CoACD] [info] Processing [10.5%]
[2026-09-16 09:26:10.528] [CoACD] [info] Processing [31.6%]
[2026-09-16 09:26:10.528] [CoACD] [info] Processing [63.2%]
[2026-09-16 09:26:10.528] [CoACD] [info] Processing [42.1%]
[2026-09-16 09:26:10.528] [CoACD] [info] Processing [73.7%]
[2026-09-16 09:26:10.528] [CoACD] [info] Processing [21.1%]
[2026-09-16 09:26:10.528] [CoACD] [info] Processing [52.6%]
[2026-09-16 09:26:11.354] [CoACD] [info] Processing [100.0%]
[2026-09-16 09:26:11.354] [CoACD] [info] iter 8 ---- waiting pool: 14
[2026-09-16 09:26:11.354] [CoACD] [info] Processing [0.0%]
[2026-09-16 09:26:11.354] [CoACD] [info] Processing [14.3%]
[2026-09-16 09:26:11.354] [CoACD] [info] Processing [71.4%]
[2026-09-16 09:26:11.354] [CoACD] [info] Processing [85.7%]
[2026-09-16 09:26:11.354] [CoACD] [info] Processing [57.1%]
[2026-09-16 09:26:11.354] [CoACD] [info] Processing [28.6%]
[2026-09-16 09:26:11.354] [CoACD] [info] Processing [42.9%]
[2026-09-16 09:26:11.671] [CoACD] [info] Processing [100.0%]
[2026-09-16 09:26:11.671] [CoACD] [info] iter 9 ---- waiting pool: 8
[2026-09-16 09:26:11.671] [CoACD] [info] Processing [0.0%]
[2026-09-16 09:26:11.671] [CoACD] [info] Processing [75.0%]
[2026-09-16 09:26:11.671] [CoACD] [info] Processing [25.0%]
[2026-09-16 09:26:11.671] [CoACD] [info] Processing [62.5%]
[2026-09-16 09:26:11.671] [CoACD] [info] Processing [37.5%]
[2026-09-16 09:26:11.671] [CoACD] [info] Processing [87.5%]
[2026-09-16 09:26:11.671] [CoACD] [info] Processing [12.5%]
[2026-09-16 09:26:11.671] [CoACD] [info] Processing [50.0%]
[2026-09-16 09:26:11.677] [CoACD] [info] Processing [100.0%]
[2026-09-16 09:26:11.677] [CoACD] [info]  - Merge Convex Hulls
[2026-09-16 09:26:14.595] [CoACD] [warning] Max concavity 0.10760907395704608 exceeds the threshold 0.05 due to 24 convex hull limitation
[2026-09-16 09:26:14.595] [CoACD] [info] Compute Time: 26.36159114202019s
[2026-09-16 09:26:14.595] [CoACD] [info] # Convex Hulls: 24
pote escala 0.2097 extensao m [0.2094 0.1691 0.1   ] pecas de colisao 24
[2026-09-16 09:26:14.853] [CoACD] [info] threshold               0.05
[2026-09-16 09:26:14.853] [CoACD] [info] max # convex hull       12
[2026-09-16 09:26:14.853] [CoACD] [info] preprocess mode         auto
[2026-09-16 09:26:14.853] [CoACD] [info] preprocess resolution   50
[2026-09-16 09:26:14.853] [CoACD] [info] pca                     false
[2026-09-16 09:26:14.853] [CoACD] [info] mcts max depth          3
[2026-09-16 09:26:14.853] [CoACD] [info] mcts nodes              20
[2026-09-16 09:26:14.853] [CoACD] [info] mcts iterations         150
[2026-09-16 09:26:14.853] [CoACD] [info] merge                   true
[2026-09-16 09:26:14.853] [CoACD] [info] decimate                false
[2026-09-16 09:26:14.853] [CoACD] [info] max_ch_vertex           256
[2026-09-16 09:26:14.853] [CoACD] [info] extrude                 false
[2026-09-16 09:26:14.853] [CoACD] [info] extrude margin          0.01
[2026-09-16 09:26:14.853] [CoACD] [info] approximate mode        ch
[2026-09-16 09:26:14.853] [CoACD] [info] seed                    0
[2026-09-16 09:26:14.853] [CoACD] [info]  - Manifold Check
[2026-09-16 09:26:14.858] [CoACD] [info] 	Unclosed mesh
[2026-09-16 09:26:14.858] [CoACD] [info] Manifold Check Time: 0.004061s
[2026-09-16 09:26:14.858] [CoACD] [info] Mesh Manifoldness: false
[2026-09-16 09:26:14.858] [CoACD] [info]  - Preprocess
[2026-09-16 09:26:14.858] [CoACD] [info] Preprocess resolution: 50
[2026-09-16 09:26:14.873] [CoACD] [info] Preprocess Time: 0.246788s
[2026-09-16 09:26:14.873] [CoACD] [info] # Points: 14828
[2026-09-16 09:26:14.873] [CoACD] [info] # Triangles: 29652
[2026-09-16 09:26:14.873] [CoACD] [info]  - Decomposition (MCTS)
[2026-09-16 09:26:14.873] [CoACD] [info] iter 0 ---- waiting pool: 1
[2026-09-16 09:26:14.874] [CoACD] [info] Processing [0.0%]
[2026-09-16 09:26:17.356] [CoACD] [info] Processing [100.0%]
[2026-09-16 09:26:17.356] [CoACD] [info] iter 1 ---- waiting pool: 2
[2026-09-16 09:26:17.356] [CoACD] [info] Processing [0.0%]
[2026-09-16 09:26:17.356] [CoACD] [info] Processing [50.0%]
[2026-09-16 09:26:19.294] [CoACD] [info] Processing [100.0%]
[2026-09-16 09:26:19.294] [CoACD] [info] iter 2 ---- waiting pool: 4
[2026-09-16 09:26:19.294] [CoACD] [info] Processing [0.0%]
[2026-09-16 09:26:19.294] [CoACD] [info] Processing [25.0%]
[2026-09-16 09:26:19.294] [CoACD] [info] Processing [50.0%]
[2026-09-16 09:26:19.294] [CoACD] [info] Processing [75.0%]
[2026-09-16 09:26:20.525] [CoACD] [info] Processing [100.0%]
[2026-09-16 09:26:20.526] [CoACD] [info] iter 3 ---- waiting pool: 8
[2026-09-16 09:26:20.526] [CoACD] [info] Processing [0.0%]
[2026-09-16 09:26:20.526] [CoACD] [info] Processing [87.5%]
[2026-09-16 09:26:20.526] [CoACD] [info] Processing [25.0%]
[2026-09-16 09:26:20.526] [CoACD] [info] Processing [12.5%]
[2026-09-16 09:26:20.526] [CoACD] [info] Processing [75.0%]
[2026-09-16 09:26:20.526] [CoACD] [info] Processing [62.5%]
[2026-09-16 09:26:20.526] [CoACD] [info] Processing [50.0%]
[2026-09-16 09:26:20.526] [CoACD] [info] Processing [37.5%]
[2026-09-16 09:26:21.333] [CoACD] [info] Processing [100.0%]
[2026-09-16 09:26:21.333] [CoACD] [info] iter 4 ---- waiting pool: 14
[2026-09-16 09:26:21.333] [CoACD] [info] Processing [0.0%]
[2026-09-16 09:26:21.333] [CoACD] [info] Processing [42.9%]
[2026-09-16 09:26:21.333] [CoACD] [info] Processing [57.1%]
[2026-09-16 09:26:21.333] [CoACD] [info] Processing [85.7%]
[2026-09-16 09:26:21.333] [CoACD] [info] Processing [28.6%]
[2026-09-16 09:26:21.333] [CoACD] [info] Processing [71.4%]
[2026-09-16 09:26:21.333] [CoACD] [info] Processing [14.3%]
[2026-09-16 09:26:21.845] [CoACD] [info] Processing [100.0%]
[2026-09-16 09:26:21.845] [CoACD] [info] iter 5 ---- waiting pool: 16
[2026-09-16 09:26:21.845] [CoACD] [info] Processing [0.0%]
[2026-09-16 09:26:21.845] [CoACD] [info] Processing [62.5%]
[2026-09-16 09:26:21.845] [CoACD] [info] Processing [75.0%]
[2026-09-16 09:26:21.845] [CoACD] [info] Processing [87.5%]
[2026-09-16 09:26:21.845] [CoACD] [info] Processing [37.5%]
[2026-09-16 09:26:21.845] [CoACD] [info] Processing [50.0%]
[2026-09-16 09:26:21.845] [CoACD] [info] Processing [12.5%]
[2026-09-16 09:26:21.845] [CoACD] [info] Processing [25.0%]
[2026-09-16 09:26:22.229] [CoACD] [info] Processing [100.0%]
[2026-09-16 09:26:22.229] [CoACD] [info] iter 6 ---- waiting pool: 2
[2026-09-16 09:26:22.229] [CoACD] [info] Processing [0.0%]
[2026-09-16 09:26:22.229] [CoACD] [info] Processing [50.0%]
[2026-09-16 09:26:22.233] [CoACD] [info] Processing [100.0%]
[2026-09-16 09:26:22.233] [CoACD] [info]  - Merge Convex Hulls
[2026-09-16 09:26:22.717] [CoACD] [warning] Max concavity 0.09187465445822601 exceeds the threshold 0.05 due to 12 convex hull limitation
[2026-09-16 09:26:22.717] [CoACD] [info] Compute Time: 7.843227090022992s
[2026-09-16 09:26:22.717] [CoACD] [info] # Convex Hulls: 12
scoop escala 0.1498 extensao m [0.15   0.0772 0.0352] pecas de colisao 12
