[01] actuate executed gap=0.001  | Move a small distance forward and left toward the mug while keeping the hand at its current height and open.
[02] actuate executed gap=0.0008  | Advance slightly forward and left toward the mug with the fingers open, preserving hand height for a side appr
[03] actuate executed gap=0.0022  | Continue a small forward and left approach with the hand open, retaining height above the table until the mug 
[04] actuate executed gap=0.002  | Move slightly forward and left with the fingers open to improve side alignment with the mug, keeping the curre
[05] actuate executed gap=0.0016  | Hold the current safe pose with the fingers open to obtain a clearer observation before attempting contact or 
[06] finish_episode finished_by_policy gap=None  | I cannot establish a safe side approach or confirm that the mug is between the thumb and fingers from these ob
{
  "episode": "x0.40_y-0.20",
  "policy": "direct",
  "model": "cx/gpt-6-astra via OmniRoute",
  "cup_xy_privileged": [
    0.4,
    -0.2
  ],
  "calls_used": 5,
  "calls_budget": 40,
  "rejected_calls": 0,
  "sim_seconds": 4.83,
  "lift_m": 0.0189,
  "retained_for_2s": false,
  "cup_tilt_deg_before_close": 26.22,
  "cup_tilt_deg_at_hold": 19.76,
  "upright_grasp": false,
  "aborted": null,
  "accepted": false,
  "criteria": {
    "tilt_limit_deg": 15.0,
    "min_lift_m": 0.048,
    "hold_seconds": 2.0,
    "source": "run_attempt.py (mesmos criterios do controlador scriptado)"
  }
}
